Archive member included because of file (symbol)

d:/imt/imt_embedded/files/01- imt sdk-20221124t220645z-001/01- imt sdk/imt_sdk_win_64/imt_sdk_win_64/winavr/bin/../lib/gcc/avr/4.3.3/avr5\libgcc.a(_udivmodhi4.o)
                              ./inc/MCAL/PWM_prog.o (__udivmodhi4)
d:/imt/imt_embedded/files/01- imt sdk-20221124t220645z-001/01- imt sdk/imt_sdk_win_64/imt_sdk_win_64/winavr/bin/../lib/gcc/avr/4.3.3/avr5\libgcc.a(_divmodhi4.o)
                              ./inc/HAL/LCD_Prog.o (__divmodhi4)
d:/imt/imt_embedded/files/01- imt sdk-20221124t220645z-001/01- imt sdk/imt_sdk_win_64/imt_sdk_win_64/winavr/bin/../lib/gcc/avr/4.3.3/avr5\libgcc.a(_exit.o)
                              d:/imt/imt_embedded/files/01- imt sdk-20221124t220645z-001/01- imt sdk/imt_sdk_win_64/imt_sdk_win_64/winavr/bin/../lib/gcc/avr/4.3.3/../../../../avr/lib/avr5/crtm32.o (exit)
d:/imt/imt_embedded/files/01- imt sdk-20221124t220645z-001/01- imt sdk/imt_sdk_win_64/imt_sdk_win_64/winavr/bin/../lib/gcc/avr/4.3.3/avr5\libgcc.a(_copy_data.o)
                              ./src/main.o (__do_copy_data)
d:/imt/imt_embedded/files/01- imt sdk-20221124t220645z-001/01- imt sdk/imt_sdk_win_64/imt_sdk_win_64/winavr/bin/../lib/gcc/avr/4.3.3/avr5\libgcc.a(_clear_bss.o)
                              ./src/main.o (__do_clear_bss)
d:/imt/imt_embedded/files/01- imt sdk-20221124t220645z-001/01- imt sdk/imt_sdk_win_64/imt_sdk_win_64/winavr/bin/../lib/gcc/avr/4.3.3/avr5\libgcc.a(_ashldi3.o)
                              ./inc/HAL/LCD_Prog.o (__ashldi3)
d:/imt/imt_embedded/files/01- imt sdk-20221124t220645z-001/01- imt sdk/imt_sdk_win_64/imt_sdk_win_64/winavr/bin/../lib/gcc/avr/4.3.3/avr5\libgcc.a(_fixunssfsi.o)
                              ./inc/MCAL/GPT_program.o (__fixunssfsi)
d:/imt/imt_embedded/files/01- imt sdk-20221124t220645z-001/01- imt sdk/imt_sdk_win_64/imt_sdk_win_64/winavr/bin/../lib/gcc/avr/4.3.3/avr5\libgcc.a(_udivdi3.o)
                              ./inc/HAL/LCD_Prog.o (__udivdi3)
d:/imt/imt_embedded/files/01- imt sdk-20221124t220645z-001/01- imt sdk/imt_sdk_win_64/imt_sdk_win_64/winavr/bin/../lib/gcc/avr/4.3.3/avr5\libgcc.a(_umoddi3.o)
                              ./inc/HAL/LCD_Prog.o (__umoddi3)
d:/imt/imt_embedded/files/01- imt sdk-20221124t220645z-001/01- imt sdk/imt_sdk_win_64/imt_sdk_win_64/winavr/bin/../lib/gcc/avr/4.3.3/avr5\libgcc.a(_addsub_sf.o)
                              d:/imt/imt_embedded/files/01- imt sdk-20221124t220645z-001/01- imt sdk/imt_sdk_win_64/imt_sdk_win_64/winavr/bin/../lib/gcc/avr/4.3.3/avr5\libgcc.a(_fixunssfsi.o) (__subsf3)
d:/imt/imt_embedded/files/01- imt sdk-20221124t220645z-001/01- imt sdk/imt_sdk_win_64/imt_sdk_win_64/winavr/bin/../lib/gcc/avr/4.3.3/avr5\libgcc.a(_mul_sf.o)
                              ./inc/MCAL/GPT_program.o (__mulsf3)
d:/imt/imt_embedded/files/01- imt sdk-20221124t220645z-001/01- imt sdk/imt_sdk_win_64/imt_sdk_win_64/winavr/bin/../lib/gcc/avr/4.3.3/avr5\libgcc.a(_gt_sf.o)
                              ./inc/HAL/buzzer.o (__gtsf2)
d:/imt/imt_embedded/files/01- imt sdk-20221124t220645z-001/01- imt sdk/imt_sdk_win_64/imt_sdk_win_64/winavr/bin/../lib/gcc/avr/4.3.3/avr5\libgcc.a(_ge_sf.o)
                              d:/imt/imt_embedded/files/01- imt sdk-20221124t220645z-001/01- imt sdk/imt_sdk_win_64/imt_sdk_win_64/winavr/bin/../lib/gcc/avr/4.3.3/avr5\libgcc.a(_fixunssfsi.o) (__gesf2)
d:/imt/imt_embedded/files/01- imt sdk-20221124t220645z-001/01- imt sdk/imt_sdk_win_64/imt_sdk_win_64/winavr/bin/../lib/gcc/avr/4.3.3/avr5\libgcc.a(_lt_sf.o)
                              ./inc/HAL/buzzer.o (__ltsf2)
d:/imt/imt_embedded/files/01- imt sdk-20221124t220645z-001/01- imt sdk/imt_sdk_win_64/imt_sdk_win_64/winavr/bin/../lib/gcc/avr/4.3.3/avr5\libgcc.a(_sf_to_si.o)
                              d:/imt/imt_embedded/files/01- imt sdk-20221124t220645z-001/01- imt sdk/imt_sdk_win_64/imt_sdk_win_64/winavr/bin/../lib/gcc/avr/4.3.3/avr5\libgcc.a(_fixunssfsi.o) (__fixsfsi)
d:/imt/imt_embedded/files/01- imt sdk-20221124t220645z-001/01- imt sdk/imt_sdk_win_64/imt_sdk_win_64/winavr/bin/../lib/gcc/avr/4.3.3/avr5\libgcc.a(_thenan_sf.o)
                              d:/imt/imt_embedded/files/01- imt sdk-20221124t220645z-001/01- imt sdk/imt_sdk_win_64/imt_sdk_win_64/winavr/bin/../lib/gcc/avr/4.3.3/avr5\libgcc.a(_addsub_sf.o) (__thenan_sf)
d:/imt/imt_embedded/files/01- imt sdk-20221124t220645z-001/01- imt sdk/imt_sdk_win_64/imt_sdk_win_64/winavr/bin/../lib/gcc/avr/4.3.3/avr5\libgcc.a(_usi_to_sf.o)
                              ./inc/MCAL/GPT_program.o (__floatunsisf)
d:/imt/imt_embedded/files/01- imt sdk-20221124t220645z-001/01- imt sdk/imt_sdk_win_64/imt_sdk_win_64/winavr/bin/../lib/gcc/avr/4.3.3/avr5\libgcc.a(_mulsi3.o)
                              d:/imt/imt_embedded/files/01- imt sdk-20221124t220645z-001/01- imt sdk/imt_sdk_win_64/imt_sdk_win_64/winavr/bin/../lib/gcc/avr/4.3.3/avr5\libgcc.a(_udivdi3.o) (__mulsi3)
d:/imt/imt_embedded/files/01- imt sdk-20221124t220645z-001/01- imt sdk/imt_sdk_win_64/imt_sdk_win_64/winavr/bin/../lib/gcc/avr/4.3.3/avr5\libgcc.a(_udivmodsi4.o)
                              d:/imt/imt_embedded/files/01- imt sdk-20221124t220645z-001/01- imt sdk/imt_sdk_win_64/imt_sdk_win_64/winavr/bin/../lib/gcc/avr/4.3.3/avr5\libgcc.a(_udivdi3.o) (__udivmodsi4)
d:/imt/imt_embedded/files/01- imt sdk-20221124t220645z-001/01- imt sdk/imt_sdk_win_64/imt_sdk_win_64/winavr/bin/../lib/gcc/avr/4.3.3/avr5\libgcc.a(_prologue.o)
                              d:/imt/imt_embedded/files/01- imt sdk-20221124t220645z-001/01- imt sdk/imt_sdk_win_64/imt_sdk_win_64/winavr/bin/../lib/gcc/avr/4.3.3/avr5\libgcc.a(_udivdi3.o) (__prologue_saves__)
d:/imt/imt_embedded/files/01- imt sdk-20221124t220645z-001/01- imt sdk/imt_sdk_win_64/imt_sdk_win_64/winavr/bin/../lib/gcc/avr/4.3.3/avr5\libgcc.a(_epilogue.o)
                              d:/imt/imt_embedded/files/01- imt sdk-20221124t220645z-001/01- imt sdk/imt_sdk_win_64/imt_sdk_win_64/winavr/bin/../lib/gcc/avr/4.3.3/avr5\libgcc.a(_udivdi3.o) (__epilogue_restores__)
d:/imt/imt_embedded/files/01- imt sdk-20221124t220645z-001/01- imt sdk/imt_sdk_win_64/imt_sdk_win_64/winavr/bin/../lib/gcc/avr/4.3.3/avr5\libgcc.a(_clz.o)
                              d:/imt/imt_embedded/files/01- imt sdk-20221124t220645z-001/01- imt sdk/imt_sdk_win_64/imt_sdk_win_64/winavr/bin/../lib/gcc/avr/4.3.3/avr5\libgcc.a(_udivdi3.o) (__clz_tab)
d:/imt/imt_embedded/files/01- imt sdk-20221124t220645z-001/01- imt sdk/imt_sdk_win_64/imt_sdk_win_64/winavr/bin/../lib/gcc/avr/4.3.3/avr5\libgcc.a(_clzsi2.o)
                              d:/imt/imt_embedded/files/01- imt sdk-20221124t220645z-001/01- imt sdk/imt_sdk_win_64/imt_sdk_win_64/winavr/bin/../lib/gcc/avr/4.3.3/avr5\libgcc.a(_usi_to_sf.o) (__clzsi2)
d:/imt/imt_embedded/files/01- imt sdk-20221124t220645z-001/01- imt sdk/imt_sdk_win_64/imt_sdk_win_64/winavr/bin/../lib/gcc/avr/4.3.3/avr5\libgcc.a(_pack_sf.o)
                              d:/imt/imt_embedded/files/01- imt sdk-20221124t220645z-001/01- imt sdk/imt_sdk_win_64/imt_sdk_win_64/winavr/bin/../lib/gcc/avr/4.3.3/avr5\libgcc.a(_addsub_sf.o) (__pack_f)
d:/imt/imt_embedded/files/01- imt sdk-20221124t220645z-001/01- imt sdk/imt_sdk_win_64/imt_sdk_win_64/winavr/bin/../lib/gcc/avr/4.3.3/avr5\libgcc.a(_unpack_sf.o)
                              d:/imt/imt_embedded/files/01- imt sdk-20221124t220645z-001/01- imt sdk/imt_sdk_win_64/imt_sdk_win_64/winavr/bin/../lib/gcc/avr/4.3.3/avr5\libgcc.a(_addsub_sf.o) (__unpack_f)
d:/imt/imt_embedded/files/01- imt sdk-20221124t220645z-001/01- imt sdk/imt_sdk_win_64/imt_sdk_win_64/winavr/bin/../lib/gcc/avr/4.3.3/avr5\libgcc.a(_fpcmp_parts_sf.o)
                              d:/imt/imt_embedded/files/01- imt sdk-20221124t220645z-001/01- imt sdk/imt_sdk_win_64/imt_sdk_win_64/winavr/bin/../lib/gcc/avr/4.3.3/avr5\libgcc.a(_gt_sf.o) (__fpcmp_parts_f)

Allocating common symbols
Common symbol       size              file

op                  0x1               ./src/main.o
U1                  0x5               ./src/main.o
P1                  0x4               ./src/main.o
address_PASS        0x1               ./src/main.o
U2                  0x5               ./src/main.o
input               0x1               ./src/main.o
P2                  0x4               ./src/main.o
Light_Control       0x1               ./src/main.o
U5                  0x5               ./src/main.o
P4                  0x4               ./src/main.o
CH_ID               0x5               ./src/main.o
index_user          0x1               ./src/main.o
U3                  0x5               ./src/main.o
data                0x2               ./src/main.o
CH_PASS             0x4               ./src/main.o
P3                  0x4               ./src/main.o
I                   0x1               ./src/main.o
address_ID          0x1               ./src/main.o
U4                  0x5               ./src/main.o
P5                  0x4               ./src/main.o

Memory Configuration

Name             Origin             Length             Attributes
text             0x00000000         0x00020000         xr
data             0x00800060         0x0000ffa0         rw !x
eeprom           0x00810000         0x00010000         rw !x
fuse             0x00820000         0x00000400         rw !x
lock             0x00830000         0x00000400         rw !x
signature        0x00840000         0x00000400         rw !x
*default*        0x00000000         0xffffffff

Linker script and memory map

LOAD d:/imt/imt_embedded/files/01- imt sdk-20221124t220645z-001/01- imt sdk/imt_sdk_win_64/imt_sdk_win_64/winavr/bin/../lib/gcc/avr/4.3.3/../../../../avr/lib/avr5/crtm32.o
LOAD ./src/main.o
LOAD ./inc/MCAL/ADC_PBCfg.o
LOAD ./inc/MCAL/ADC_prog.o
LOAD ./inc/MCAL/DIO_program.o
LOAD ./inc/MCAL/Extint_prog.o
LOAD ./inc/MCAL/GIE_prog.o
LOAD ./inc/MCAL/GPT_PBCfg.o
LOAD ./inc/MCAL/GPT_program.o
LOAD ./inc/MCAL/I2C_Program.o
LOAD ./inc/MCAL/PWM_prog.o
LOAD ./inc/MCAL/UART_prog.o
LOAD ./inc/HAL/EEPROM_Program.o
LOAD ./inc/HAL/KEYBAD_prog.o
LOAD ./inc/HAL/LCD_Prog.o
LOAD ./inc/HAL/LED_prog.o
LOAD ./inc/HAL/buzzer.o
LOAD ./inc/HAL/servo.o
LOAD d:/imt/imt_embedded/files/01- imt sdk-20221124t220645z-001/01- imt sdk/imt_sdk_win_64/imt_sdk_win_64/winavr/bin/../lib/gcc/avr/4.3.3/avr5\libgcc.a
LOAD d:/imt/imt_embedded/files/01- imt sdk-20221124t220645z-001/01- imt sdk/imt_sdk_win_64/imt_sdk_win_64/winavr/bin/../lib/gcc/avr/4.3.3/../../../../avr/lib/avr5\libc.a
LOAD d:/imt/imt_embedded/files/01- imt sdk-20221124t220645z-001/01- imt sdk/imt_sdk_win_64/imt_sdk_win_64/winavr/bin/../lib/gcc/avr/4.3.3/avr5\libgcc.a

.hash
 *(.hash)

.dynsym
 *(.dynsym)

.dynstr
 *(.dynstr)

.gnu.version
 *(.gnu.version)

.gnu.version_d
 *(.gnu.version_d)

.gnu.version_r
 *(.gnu.version_r)

.rel.init
 *(.rel.init)

.rela.init
 *(.rela.init)

.rel.text
 *(.rel.text)
 *(.rel.text.*)
 *(.rel.gnu.linkonce.t*)

.rela.text
 *(.rela.text)
 *(.rela.text.*)
 *(.rela.gnu.linkonce.t*)

.rel.fini
 *(.rel.fini)

.rela.fini
 *(.rela.fini)

.rel.rodata
 *(.rel.rodata)
 *(.rel.rodata.*)
 *(.rel.gnu.linkonce.r*)

.rela.rodata
 *(.rela.rodata)
 *(.rela.rodata.*)
 *(.rela.gnu.linkonce.r*)

.rel.data
 *(.rel.data)
 *(.rel.data.*)
 *(.rel.gnu.linkonce.d*)

.rela.data
 *(.rela.data)
 *(.rela.data.*)
 *(.rela.gnu.linkonce.d*)

.rel.ctors
 *(.rel.ctors)

.rela.ctors
 *(.rela.ctors)

.rel.dtors
 *(.rel.dtors)

.rela.dtors
 *(.rela.dtors)

.rel.got
 *(.rel.got)

.rela.got
 *(.rela.got)

.rel.bss
 *(.rel.bss)

.rela.bss
 *(.rela.bss)

.rel.plt
 *(.rel.plt)

.rela.plt
 *(.rela.plt)

.text           0x00000000     0x4d4c
 *(.vectors)
 .vectors       0x00000000       0x54 d:/imt/imt_embedded/files/01- imt sdk-20221124t220645z-001/01- imt sdk/imt_sdk_win_64/imt_sdk_win_64/winavr/bin/../lib/gcc/avr/4.3.3/../../../../avr/lib/avr5/crtm32.o
                0x00000000                __vectors
                0x00000000                __vector_default
 *(.vectors)
 *(.progmem.gcc*)
 *(.progmem*)
                0x00000054                . = ALIGN (0x2)
                0x00000054                __trampolines_start = .
 *(.trampolines)
 .trampolines   0x00000054        0x0 linker stubs
 *(.trampolines*)
                0x00000054                __trampolines_end = .
 *(.jumptables)
 *(.jumptables*)
 *(.lowtext)
 *(.lowtext*)
                0x00000054                __ctors_start = .
 *(.ctors)
                0x00000054                __ctors_end = .
                0x00000054                __dtors_start = .
 *(.dtors)
                0x00000054                __dtors_end = .
 SORT(*)(.ctors)
 SORT(*)(.dtors)
 *(.init0)
 .init0         0x00000054        0x0 d:/imt/imt_embedded/files/01- imt sdk-20221124t220645z-001/01- imt sdk/imt_sdk_win_64/imt_sdk_win_64/winavr/bin/../lib/gcc/avr/4.3.3/../../../../avr/lib/avr5/crtm32.o
                0x00000054                __init
 *(.init0)
 *(.init1)
 *(.init1)
 *(.init2)
 .init2         0x00000054        0xc d:/imt/imt_embedded/files/01- imt sdk-20221124t220645z-001/01- imt sdk/imt_sdk_win_64/imt_sdk_win_64/winavr/bin/../lib/gcc/avr/4.3.3/../../../../avr/lib/avr5/crtm32.o
 *(.init2)
 *(.init3)
 *(.init3)
 *(.init4)
 .init4         0x00000060       0x16 d:/imt/imt_embedded/files/01- imt sdk-20221124t220645z-001/01- imt sdk/imt_sdk_win_64/imt_sdk_win_64/winavr/bin/../lib/gcc/avr/4.3.3/avr5\libgcc.a(_copy_data.o)
                0x00000060                __do_copy_data
 .init4         0x00000076       0x10 d:/imt/imt_embedded/files/01- imt sdk-20221124t220645z-001/01- imt sdk/imt_sdk_win_64/imt_sdk_win_64/winavr/bin/../lib/gcc/avr/4.3.3/avr5\libgcc.a(_clear_bss.o)
                0x00000076                __do_clear_bss
 *(.init4)
 *(.init5)
 *(.init5)
 *(.init6)
 *(.init6)
 *(.init7)
 *(.init7)
 *(.init8)
 *(.init8)
 *(.init9)
 .init9         0x00000086        0x8 d:/imt/imt_embedded/files/01- imt sdk-20221124t220645z-001/01- imt sdk/imt_sdk_win_64/imt_sdk_win_64/winavr/bin/../lib/gcc/avr/4.3.3/../../../../avr/lib/avr5/crtm32.o
 *(.init9)
 *(.text)
 .text          0x0000008e        0x4 d:/imt/imt_embedded/files/01- imt sdk-20221124t220645z-001/01- imt sdk/imt_sdk_win_64/imt_sdk_win_64/winavr/bin/../lib/gcc/avr/4.3.3/../../../../avr/lib/avr5/crtm32.o
                0x0000008e                __vector_1
                0x0000008e                __vector_12
                0x0000008e                __bad_interrupt
                0x0000008e                __vector_6
                0x0000008e                __vector_3
                0x0000008e                __vector_17
                0x0000008e                __vector_19
                0x0000008e                __vector_2
                0x0000008e                __vector_18
                0x0000008e                __vector_20
 .text          0x00000092        0x0 ./src/main.o
 .text          0x00000092        0x0 ./inc/MCAL/ADC_PBCfg.o
 .text          0x00000092        0x0 ./inc/MCAL/ADC_prog.o
 .text          0x00000092        0x0 ./inc/MCAL/DIO_program.o
 .text          0x00000092        0x0 ./inc/MCAL/Extint_prog.o
 .text          0x00000092        0x0 ./inc/MCAL/GIE_prog.o
 .text          0x00000092        0x0 ./inc/MCAL/GPT_PBCfg.o
 .text          0x00000092        0x0 ./inc/MCAL/GPT_program.o
 .text          0x00000092        0x0 ./inc/MCAL/I2C_Program.o
 .text          0x00000092        0x0 ./inc/MCAL/PWM_prog.o
 .text          0x00000092        0x0 ./inc/MCAL/UART_prog.o
 .text          0x00000092        0x0 ./inc/HAL/EEPROM_Program.o
 .text          0x00000092        0x0 ./inc/HAL/KEYBAD_prog.o
 .text          0x00000092        0x0 ./inc/HAL/LCD_Prog.o
 .text          0x00000092        0x0 ./inc/HAL/LED_prog.o
 .text          0x00000092        0x0 ./inc/HAL/buzzer.o
 .text          0x00000092        0x0 ./inc/HAL/servo.o
 .text          0x00000092        0x0 d:/imt/imt_embedded/files/01- imt sdk-20221124t220645z-001/01- imt sdk/imt_sdk_win_64/imt_sdk_win_64/winavr/bin/../lib/gcc/avr/4.3.3/avr5\libgcc.a(_udivmodhi4.o)
 .text          0x00000092        0x0 d:/imt/imt_embedded/files/01- imt sdk-20221124t220645z-001/01- imt sdk/imt_sdk_win_64/imt_sdk_win_64/winavr/bin/../lib/gcc/avr/4.3.3/avr5\libgcc.a(_divmodhi4.o)
 .text          0x00000092        0x0 d:/imt/imt_embedded/files/01- imt sdk-20221124t220645z-001/01- imt sdk/imt_sdk_win_64/imt_sdk_win_64/winavr/bin/../lib/gcc/avr/4.3.3/avr5\libgcc.a(_exit.o)
 .text          0x00000092        0x0 d:/imt/imt_embedded/files/01- imt sdk-20221124t220645z-001/01- imt sdk/imt_sdk_win_64/imt_sdk_win_64/winavr/bin/../lib/gcc/avr/4.3.3/avr5\libgcc.a(_copy_data.o)
 .text          0x00000092        0x0 d:/imt/imt_embedded/files/01- imt sdk-20221124t220645z-001/01- imt sdk/imt_sdk_win_64/imt_sdk_win_64/winavr/bin/../lib/gcc/avr/4.3.3/avr5\libgcc.a(_clear_bss.o)
 .text          0x00000092       0xfe d:/imt/imt_embedded/files/01- imt sdk-20221124t220645z-001/01- imt sdk/imt_sdk_win_64/imt_sdk_win_64/winavr/bin/../lib/gcc/avr/4.3.3/avr5\libgcc.a(_ashldi3.o)
                0x00000092                __ashldi3
 .text          0x00000190       0x58 d:/imt/imt_embedded/files/01- imt sdk-20221124t220645z-001/01- imt sdk/imt_sdk_win_64/imt_sdk_win_64/winavr/bin/../lib/gcc/avr/4.3.3/avr5\libgcc.a(_fixunssfsi.o)
                0x00000190                __fixunssfsi
 .text          0x000001e8      0xcea d:/imt/imt_embedded/files/01- imt sdk-20221124t220645z-001/01- imt sdk/imt_sdk_win_64/imt_sdk_win_64/winavr/bin/../lib/gcc/avr/4.3.3/avr5\libgcc.a(_udivdi3.o)
                0x000001e8                __udivdi3
 .text          0x00000ed2      0xce0 d:/imt/imt_embedded/files/01- imt sdk-20221124t220645z-001/01- imt sdk/imt_sdk_win_64/imt_sdk_win_64/winavr/bin/../lib/gcc/avr/4.3.3/avr5\libgcc.a(_umoddi3.o)
                0x00000ed2                __umoddi3
 .text          0x00001bb2      0x354 d:/imt/imt_embedded/files/01- imt sdk-20221124t220645z-001/01- imt sdk/imt_sdk_win_64/imt_sdk_win_64/winavr/bin/../lib/gcc/avr/4.3.3/avr5\libgcc.a(_addsub_sf.o)
                0x00001e4a                __subsf3
                0x00001eac                __addsf3
 .text          0x00001f06      0x1f4 d:/imt/imt_embedded/files/01- imt sdk-20221124t220645z-001/01- imt sdk/imt_sdk_win_64/imt_sdk_win_64/winavr/bin/../lib/gcc/avr/4.3.3/avr5\libgcc.a(_mul_sf.o)
                0x00001f06                __mulsf3
 .text          0x000020fa       0x60 d:/imt/imt_embedded/files/01- imt sdk-20221124t220645z-001/01- imt sdk/imt_sdk_win_64/imt_sdk_win_64/winavr/bin/../lib/gcc/avr/4.3.3/avr5\libgcc.a(_gt_sf.o)
                0x000020fa                __gtsf2
 .text          0x0000215a       0x60 d:/imt/imt_embedded/files/01- imt sdk-20221124t220645z-001/01- imt sdk/imt_sdk_win_64/imt_sdk_win_64/winavr/bin/../lib/gcc/avr/4.3.3/avr5\libgcc.a(_ge_sf.o)
                0x0000215a                __gesf2
 .text          0x000021ba       0x60 d:/imt/imt_embedded/files/01- imt sdk-20221124t220645z-001/01- imt sdk/imt_sdk_win_64/imt_sdk_win_64/winavr/bin/../lib/gcc/avr/4.3.3/avr5\libgcc.a(_lt_sf.o)
                0x000021ba                __ltsf2
 .text          0x0000221a       0xa8 d:/imt/imt_embedded/files/01- imt sdk-20221124t220645z-001/01- imt sdk/imt_sdk_win_64/imt_sdk_win_64/winavr/bin/../lib/gcc/avr/4.3.3/avr5\libgcc.a(_sf_to_si.o)
                0x0000221a                __fixsfsi
 .text          0x000022c2        0x0 d:/imt/imt_embedded/files/01- imt sdk-20221124t220645z-001/01- imt sdk/imt_sdk_win_64/imt_sdk_win_64/winavr/bin/../lib/gcc/avr/4.3.3/avr5\libgcc.a(_thenan_sf.o)
 .text          0x000022c2       0xf2 d:/imt/imt_embedded/files/01- imt sdk-20221124t220645z-001/01- imt sdk/imt_sdk_win_64/imt_sdk_win_64/winavr/bin/../lib/gcc/avr/4.3.3/avr5\libgcc.a(_usi_to_sf.o)
                0x000022c2                __floatunsisf
 .text          0x000023b4        0x0 d:/imt/imt_embedded/files/01- imt sdk-20221124t220645z-001/01- imt sdk/imt_sdk_win_64/imt_sdk_win_64/winavr/bin/../lib/gcc/avr/4.3.3/avr5\libgcc.a(_mulsi3.o)
 .text          0x000023b4        0x0 d:/imt/imt_embedded/files/01- imt sdk-20221124t220645z-001/01- imt sdk/imt_sdk_win_64/imt_sdk_win_64/winavr/bin/../lib/gcc/avr/4.3.3/avr5\libgcc.a(_udivmodsi4.o)
 .text          0x000023b4        0x0 d:/imt/imt_embedded/files/01- imt sdk-20221124t220645z-001/01- imt sdk/imt_sdk_win_64/imt_sdk_win_64/winavr/bin/../lib/gcc/avr/4.3.3/avr5\libgcc.a(_prologue.o)
 .text          0x000023b4        0x0 d:/imt/imt_embedded/files/01- imt sdk-20221124t220645z-001/01- imt sdk/imt_sdk_win_64/imt_sdk_win_64/winavr/bin/../lib/gcc/avr/4.3.3/avr5\libgcc.a(_epilogue.o)
 .text          0x000023b4        0x0 d:/imt/imt_embedded/files/01- imt sdk-20221124t220645z-001/01- imt sdk/imt_sdk_win_64/imt_sdk_win_64/winavr/bin/../lib/gcc/avr/4.3.3/avr5\libgcc.a(_clz.o)
 .text          0x000023b4       0x9e d:/imt/imt_embedded/files/01- imt sdk-20221124t220645z-001/01- imt sdk/imt_sdk_win_64/imt_sdk_win_64/winavr/bin/../lib/gcc/avr/4.3.3/avr5\libgcc.a(_clzsi2.o)
                0x000023b4                __clzsi2
 .text          0x00002452      0x1aa d:/imt/imt_embedded/files/01- imt sdk-20221124t220645z-001/01- imt sdk/imt_sdk_win_64/imt_sdk_win_64/winavr/bin/../lib/gcc/avr/4.3.3/avr5\libgcc.a(_pack_sf.o)
                0x00002452                __pack_f
 .text          0x000025fc       0xf0 d:/imt/imt_embedded/files/01- imt sdk-20221124t220645z-001/01- imt sdk/imt_sdk_win_64/imt_sdk_win_64/winavr/bin/../lib/gcc/avr/4.3.3/avr5\libgcc.a(_unpack_sf.o)
                0x000025fc                __unpack_f
 .text          0x000026ec       0xb2 d:/imt/imt_embedded/files/01- imt sdk-20221124t220645z-001/01- imt sdk/imt_sdk_win_64/imt_sdk_win_64/winavr/bin/../lib/gcc/avr/4.3.3/avr5\libgcc.a(_fpcmp_parts_sf.o)
                0x000026ec                __fpcmp_parts_f
                0x0000279e                . = ALIGN (0x2)
 *(.text.*)
 .text.STR_u8length
                0x0000279e       0x18 ./src/main.o
                0x0000279e                STR_u8length
 .text.STR_u8compare
                0x000027b6       0x52 ./src/main.o
                0x000027b6                STR_u8compare
 .text.AdminMode
                0x00002808      0x156 ./src/main.o
                0x00002808                AdminMode
 .text.UserMode
                0x0000295e      0x198 ./src/main.o
                0x0000295e                UserMode
 .text.main     0x00002af6      0x330 ./src/main.o
                0x00002af6                main
 .text.ADC_Handler
                0x00002e26       0x34 ./src/main.o
                0x00002e26                ADC_Handler
 .text.__vector_16
                0x00002e5a       0x58 ./inc/MCAL/ADC_prog.o
                0x00002e5a                __vector_16
 .text.Adc_Init
                0x00002eb2      0x104 ./inc/MCAL/ADC_prog.o
                0x00002eb2                Adc_Init
 .text.Adc_StartConversion
                0x00002fb6       0x16 ./inc/MCAL/ADC_prog.o
                0x00002fb6                Adc_StartConversion
 .text.Adc_GetResultSync
                0x00002fcc       0x10 ./inc/MCAL/ADC_prog.o
                0x00002fcc                Adc_GetResultSync
 .text.Adc_GetResultAsync
                0x00002fdc       0x20 ./inc/MCAL/ADC_prog.o
                0x00002fdc                Adc_GetResultAsync
 .text.Adc_EnableNotification
                0x00002ffc        0x4 ./inc/MCAL/ADC_prog.o
                0x00002ffc                Adc_EnableNotification
 .text.Adc_DisableNotification
                0x00003000        0x4 ./inc/MCAL/ADC_prog.o
                0x00003000                Adc_DisableNotification
 .text.Adc_SetCallback
                0x00003004        0xa ./inc/MCAL/ADC_prog.o
                0x00003004                Adc_SetCallback
 .text.DIO_voidSetPinDirection
                0x0000300e      0x18c ./inc/MCAL/DIO_program.o
                0x0000300e                DIO_voidSetPinDirection
 .text.DIO_voidSetPinValue
                0x0000319a       0xcc ./inc/MCAL/DIO_program.o
                0x0000319a                DIO_voidSetPinValue
 .text.DIO_voidSetPortDirection
                0x00003266       0x94 ./inc/MCAL/DIO_program.o
                0x00003266                DIO_voidSetPortDirection
 .text.DIO_u8SetPortValue
                0x000032fa       0x22 ./inc/MCAL/DIO_program.o
                0x000032fa                DIO_u8SetPortValue
 .text.DIO_u8GetPinValue
                0x0000331c       0x40 ./inc/MCAL/DIO_program.o
                0x0000331c                DIO_u8GetPinValue
 .text.DIO_voidTogglePin
                0x0000335c       0x6a ./inc/MCAL/DIO_program.o
                0x0000335c                DIO_voidTogglePin
 .text.__vector_10
                0x000033c6       0x52 ./inc/MCAL/GPT_program.o
                0x000033c6                __vector_10
 .text.__vector_11
                0x00003418       0x52 ./inc/MCAL/GPT_program.o
                0x00003418                __vector_11
 .text.__vector_7
                0x0000346a       0x52 ./inc/MCAL/GPT_program.o
                0x0000346a                __vector_7
 .text.__vector_8
                0x000034bc       0x52 ./inc/MCAL/GPT_program.o
                0x000034bc                __vector_8
 .text.__vector_9
                0x0000350e       0x52 ./inc/MCAL/GPT_program.o
                0x0000350e                __vector_9
 .text.__vector_5
                0x00003560       0x52 ./inc/MCAL/GPT_program.o
                0x00003560                __vector_5
 .text.__vector_4
                0x000035b2       0x52 ./inc/MCAL/GPT_program.o
                0x000035b2                __vector_4
 .text.Gpt_Init
                0x00003604      0x176 ./inc/MCAL/GPT_program.o
                0x00003604                Gpt_Init
 .text.Gpt_Start
                0x0000377a      0x16a ./inc/MCAL/GPT_program.o
                0x0000377a                Gpt_Start
 .text.Gpt_Stop
                0x000038e4       0x4a ./inc/MCAL/GPT_program.o
                0x000038e4                Gpt_Stop
 .text.Gpt_Reset
                0x0000392e       0x22 ./inc/MCAL/GPT_program.o
                0x0000392e                Gpt_Reset
 .text.Gpt_SetCounterValue
                0x00003950       0x1c ./inc/MCAL/GPT_program.o
                0x00003950                Gpt_SetCounterValue
 .text.Gpt_SetCompareValue
                0x0000396c       0x26 ./inc/MCAL/GPT_program.o
                0x0000396c                Gpt_SetCompareValue
 .text.Gpt_EnableNotification
                0x00003992       0x58 ./inc/MCAL/GPT_program.o
                0x00003992                Gpt_EnableNotification
 .text.Gpt_DisableNotification
                0x000039ea       0x58 ./inc/MCAL/GPT_program.o
                0x000039ea                Gpt_DisableNotification
 .text.Gpt_SetCallback
                0x00003a42       0x74 ./inc/MCAL/GPT_program.o
                0x00003a42                Gpt_SetCallback
 .text.Gpt_GetElapsedTime
                0x00003ab6       0x26 ./inc/MCAL/GPT_program.o
                0x00003ab6                Gpt_GetElapsedTime
 .text.Gpt_TIM1Delay_MSSync
                0x00003adc       0x7a ./inc/MCAL/GPT_program.o
                0x00003adc                Gpt_TIM1Delay_MSSync
 .text.Gpt_TIM1Delay_MSAsync
                0x00003b56       0x74 ./inc/MCAL/GPT_program.o
                0x00003b56                Gpt_TIM1Delay_MSAsync
 .text.I2C_voidMasterInit
                0x00003bca       0x16 ./inc/MCAL/I2C_Program.o
                0x00003bca                I2C_voidMasterInit
 .text.I2C_SendStartCondition
                0x00003be0       0x22 ./inc/MCAL/I2C_Program.o
                0x00003be0                I2C_SendStartCondition
 .text.I2C_SendRepeatedStart
                0x00003c02       0x22 ./inc/MCAL/I2C_Program.o
                0x00003c02                I2C_SendRepeatedStart
 .text.I2C_SendSlaveAddressWithWrite
                0x00003c24       0x30 ./inc/MCAL/I2C_Program.o
                0x00003c24                I2C_SendSlaveAddressWithWrite
 .text.I2C_SendSlaveAddressWithRead
                0x00003c54       0x30 ./inc/MCAL/I2C_Program.o
                0x00003c54                I2C_SendSlaveAddressWithRead
 .text.I2C_MstrSendDataByte
                0x00003c84       0x2c ./inc/MCAL/I2C_Program.o
                0x00003c84                I2C_MstrSendDataByte
 .text.I2C_MstrReadDataByte
                0x00003cb0       0x26 ./inc/MCAL/I2C_Program.o
                0x00003cb0                I2C_MstrReadDataByte
 .text.I2C_MstrReadDataByteNoAck
                0x00003cd6       0x26 ./inc/MCAL/I2C_Program.o
                0x00003cd6                I2C_MstrReadDataByteNoAck
 .text.I2C_SendStopCondition
                0x00003cfc        0xe ./inc/MCAL/I2C_Program.o
                0x00003cfc                I2C_SendStopCondition
 .text.Pwm_Start
                0x00003d0a      0x178 ./inc/MCAL/PWM_prog.o
                0x00003d0a                Pwm_Start
 .text.Pwm_Stop
                0x00003e82       0x54 ./inc/MCAL/PWM_prog.o
                0x00003e82                Pwm_Stop
 .text.Pwm_SetDutyCycle
                0x00003ed6       0x6a ./inc/MCAL/PWM_prog.o
                0x00003ed6                Pwm_SetDutyCycle
 .text.Pwm_SetTimeOn
                0x00003f40       0x26 ./inc/MCAL/PWM_prog.o
                0x00003f40                Pwm_SetTimeOn
 .text.Pwm_SetICR
                0x00003f66        0x6 ./inc/MCAL/PWM_prog.o
                0x00003f66                Pwm_SetICR
 .text.Pwm_Init
                0x00003f6c       0xfe ./inc/MCAL/PWM_prog.o
                0x00003f6c                Pwm_Init
 .text.__vector_14
                0x0000406a       0x52 ./inc/MCAL/UART_prog.o
                0x0000406a                __vector_14
 .text.__vector_13
                0x000040bc       0x52 ./inc/MCAL/UART_prog.o
                0x000040bc                __vector_13
 .text.__vector_15
                0x0000410e       0x52 ./inc/MCAL/UART_prog.o
                0x0000410e                __vector_15
 .text.Uart_Transmit
                0x00004160        0xe ./inc/MCAL/UART_prog.o
                0x00004160                Uart_Transmit
 .text.Uart_Receive
                0x0000416e        0x8 ./inc/MCAL/UART_prog.o
                0x0000416e                Uart_Receive
 .text.Uart_SetCallBack
                0x00004176       0x2c ./inc/MCAL/UART_prog.o
                0x00004176                Uart_SetCallBack
 .text.Uart_SendString
                0x000041a2       0x26 ./inc/MCAL/UART_prog.o
                0x000041a2                Uart_SendString
 .text.Uart_ReceiveWord
                0x000041c8       0x22 ./inc/MCAL/UART_prog.o
                0x000041c8                Uart_ReceiveWord
 .text.Uart_Init
                0x000041ea       0x2c ./inc/MCAL/UART_prog.o
                0x000041ea                Uart_Init
 .text.EEPROM_VoidSendDataByte
                0x00004216       0x58 ./inc/HAL/EEPROM_Program.o
                0x00004216                EEPROM_VoidSendDataByte
 .text.EEPROM_VoidSendBuffer
                0x0000426e       0x40 ./inc/HAL/EEPROM_Program.o
                0x0000426e                EEPROM_VoidSendBuffer
 .text.EEPROM_VoidReadDataByte
                0x000042ae       0x72 ./inc/HAL/EEPROM_Program.o
                0x000042ae                EEPROM_VoidReadDataByte
 .text.EEPROM_VoidSendAndReceiveBuffer
                0x00004320       0x66 ./inc/HAL/EEPROM_Program.o
                0x00004320                EEPROM_VoidSendAndReceiveBuffer
 .text.EEPROM_VoidReadDataFirstByte
                0x00004386       0x60 ./inc/HAL/EEPROM_Program.o
                0x00004386                EEPROM_VoidReadDataFirstByte
 .text.EEPROM_VoidReceiveBuffer
                0x000043e6       0x4e ./inc/HAL/EEPROM_Program.o
                0x000043e6                EEPROM_VoidReceiveBuffer
 .text.EEPROM_VoidReadDataByteOnly
                0x00004434       0x72 ./inc/HAL/EEPROM_Program.o
                0x00004434                EEPROM_VoidReadDataByteOnly
 .text.EEPROM_VoidInit
                0x000044a6        0x6 ./inc/HAL/EEPROM_Program.o
                0x000044a6                EEPROM_VoidInit
 .text.Keypad_GetRowLevel
                0x000044ac       0x34 ./inc/HAL/KEYBAD_prog.o
 .text.Keypad_SetColumnLevel
                0x000044e0       0x34 ./inc/HAL/KEYBAD_prog.o
 .text.Keypad_GetButtonState
                0x00004514       0x4a ./inc/HAL/KEYBAD_prog.o
                0x00004514                Keypad_GetButtonState
 .text.Keypad_Init
                0x0000455e       0x7a ./inc/HAL/KEYBAD_prog.o
                0x0000455e                Keypad_Init
 .text.LCD_voidSendComm_4bit
                0x000045d8       0x76 ./inc/HAL/LCD_Prog.o
                0x000045d8                LCD_voidSendComm_4bit
 .text.LCD_voidLCDSendDATA
                0x0000464e       0x4c ./inc/HAL/LCD_Prog.o
                0x0000464e                LCD_voidLCDSendDATA
 .text.LCD_voidSend_NUM
                0x0000469a      0x27a ./inc/HAL/LCD_Prog.o
                0x0000469a                LCD_voidSend_NUM
 .text.LCD_voidLCDSendString
                0x00004914       0x26 ./inc/HAL/LCD_Prog.o
                0x00004914                LCD_voidLCDSendString
 .text.LCD_charDisplayCharcter
                0x0000493a        0x6 ./inc/HAL/LCD_Prog.o
                0x0000493a                LCD_charDisplayCharcter
 .text.LCD_voidLCDSendCom
                0x00004940       0x48 ./inc/HAL/LCD_Prog.o
                0x00004940                LCD_voidLCDSendCom
 .text.LCD_voidGoToRowCol
                0x00004988       0x18 ./inc/HAL/LCD_Prog.o
                0x00004988                LCD_voidGoToRowCol
 .text.LCD_voidShiftCursorLeft
                0x000049a0       0x16 ./inc/HAL/LCD_Prog.o
                0x000049a0                LCD_voidShiftCursorLeft
 .text.LCD_voidShiftCursorRight
                0x000049b6       0x16 ./inc/HAL/LCD_Prog.o
                0x000049b6                LCD_voidShiftCursorRight
 .text.LCD_u8ShiftDisplayLeft
                0x000049cc       0x16 ./inc/HAL/LCD_Prog.o
                0x000049cc                LCD_u8ShiftDisplayLeft
 .text.LCD_u8ShiftDisplayRight
                0x000049e2       0x16 ./inc/HAL/LCD_Prog.o
                0x000049e2                LCD_u8ShiftDisplayRight
 .text.LCD_voidSetCursor
                0x000049f8       0x12 ./inc/HAL/LCD_Prog.o
                0x000049f8                LCD_voidSetCursor
 .text.LCD_voidSaveSpecialCharacter
                0x00004a0a       0x42 ./inc/HAL/LCD_Prog.o
                0x00004a0a                LCD_voidSaveSpecialCharacter
 .text.LCD_voidClearDisplay
                0x00004a4c       0x10 ./inc/HAL/LCD_Prog.o
                0x00004a4c                LCD_voidClearDisplay
 .text.LCD_voidReturnHome
                0x00004a5c        0x8 ./inc/HAL/LCD_Prog.o
                0x00004a5c                LCD_voidReturnHome
 .text.LCD_voidLCDInit
                0x00004a64       0x62 ./inc/HAL/LCD_Prog.o
                0x00004a64                LCD_voidLCDInit
 .text.LED_voidToggle
                0x00004ac6        0x6 ./inc/HAL/LED_prog.o
                0x00004ac6                LED_voidToggle
 .text.LED_voidTurnOff
                0x00004acc        0x8 ./inc/HAL/LED_prog.o
                0x00004acc                LED_voidTurnOff
 .text.LED_voidTurnOn
                0x00004ad4        0x8 ./inc/HAL/LED_prog.o
                0x00004ad4                LED_voidTurnOn
 .text.LED_voidInit
                0x00004adc        0x8 ./inc/HAL/LED_prog.o
                0x00004adc                LED_voidInit
 .text.BuzzerOff
                0x00004ae4       0x16 ./inc/HAL/buzzer.o
                0x00004ae4                BuzzerOff
 .text.BuzzerOn
                0x00004afa       0xc6 ./inc/HAL/buzzer.o
                0x00004afa                BuzzerOn
 .text.BuzzerInit
                0x00004bc0       0x12 ./inc/HAL/buzzer.o
                0x00004bc0                BuzzerInit
 .text.SERVO_SetAngle
                0x00004bd2       0x26 ./inc/HAL/servo.o
                0x00004bd2                SERVO_SetAngle
 .text.SERVO_init
                0x00004bf8       0x12 ./inc/HAL/servo.o
                0x00004bf8                SERVO_init
 .text.libgcc   0x00004c0a       0x28 d:/imt/imt_embedded/files/01- imt sdk-20221124t220645z-001/01- imt sdk/imt_sdk_win_64/imt_sdk_win_64/winavr/bin/../lib/gcc/avr/4.3.3/avr5\libgcc.a(_udivmodhi4.o)
                0x00004c0a                __udivmodhi4
 .text.libgcc   0x00004c32       0x26 d:/imt/imt_embedded/files/01- imt sdk-20221124t220645z-001/01- imt sdk/imt_sdk_win_64/imt_sdk_win_64/winavr/bin/../lib/gcc/avr/4.3.3/avr5\libgcc.a(_divmodhi4.o)
                0x00004c32                __divmodhi4
                0x00004c32                _div
 .text.libgcc   0x00004c58        0x0 d:/imt/imt_embedded/files/01- imt sdk-20221124t220645z-001/01- imt sdk/imt_sdk_win_64/imt_sdk_win_64/winavr/bin/../lib/gcc/avr/4.3.3/avr5\libgcc.a(_exit.o)
 .text.libgcc   0x00004c58        0x0 d:/imt/imt_embedded/files/01- imt sdk-20221124t220645z-001/01- imt sdk/imt_sdk_win_64/imt_sdk_win_64/winavr/bin/../lib/gcc/avr/4.3.3/avr5\libgcc.a(_copy_data.o)
 .text.libgcc   0x00004c58        0x0 d:/imt/imt_embedded/files/01- imt sdk-20221124t220645z-001/01- imt sdk/imt_sdk_win_64/imt_sdk_win_64/winavr/bin/../lib/gcc/avr/4.3.3/avr5\libgcc.a(_clear_bss.o)
 .text.libgcc   0x00004c58       0x3e d:/imt/imt_embedded/files/01- imt sdk-20221124t220645z-001/01- imt sdk/imt_sdk_win_64/imt_sdk_win_64/winavr/bin/../lib/gcc/avr/4.3.3/avr5\libgcc.a(_mulsi3.o)
                0x00004c58                __mulsi3
 .text.libgcc   0x00004c96       0x44 d:/imt/imt_embedded/files/01- imt sdk-20221124t220645z-001/01- imt sdk/imt_sdk_win_64/imt_sdk_win_64/winavr/bin/../lib/gcc/avr/4.3.3/avr5\libgcc.a(_udivmodsi4.o)
                0x00004c96                __udivmodsi4
 .text.libgcc   0x00004cda       0x38 d:/imt/imt_embedded/files/01- imt sdk-20221124t220645z-001/01- imt sdk/imt_sdk_win_64/imt_sdk_win_64/winavr/bin/../lib/gcc/avr/4.3.3/avr5\libgcc.a(_prologue.o)
                0x00004cda                __prologue_saves__
 .text.libgcc   0x00004d12       0x36 d:/imt/imt_embedded/files/01- imt sdk-20221124t220645z-001/01- imt sdk/imt_sdk_win_64/imt_sdk_win_64/winavr/bin/../lib/gcc/avr/4.3.3/avr5\libgcc.a(_epilogue.o)
                0x00004d12                __epilogue_restores__
                0x00004d48                . = ALIGN (0x2)
 *(.fini9)
 .fini9         0x00004d48        0x0 d:/imt/imt_embedded/files/01- imt sdk-20221124t220645z-001/01- imt sdk/imt_sdk_win_64/imt_sdk_win_64/winavr/bin/../lib/gcc/avr/4.3.3/avr5\libgcc.a(_exit.o)
                0x00004d48                exit
                0x00004d48                _exit
 *(.fini9)
 *(.fini8)
 *(.fini8)
 *(.fini7)
 *(.fini7)
 *(.fini6)
 *(.fini6)
 *(.fini5)
 *(.fini5)
 *(.fini4)
 *(.fini4)
 *(.fini3)
 *(.fini3)
 *(.fini2)
 *(.fini2)
 *(.fini1)
 *(.fini1)
 *(.fini0)
 .fini0         0x00004d48        0x4 d:/imt/imt_embedded/files/01- imt sdk-20221124t220645z-001/01- imt sdk/imt_sdk_win_64/imt_sdk_win_64/winavr/bin/../lib/gcc/avr/4.3.3/avr5\libgcc.a(_exit.o)
 *(.fini0)
                0x00004d4c                _etext = .

.data           0x00800060      0x45a load address 0x00004d4c
                0x00800060                PROVIDE (__data_start, .)
 *(.data)
 .data          0x00800060        0x0 d:/imt/imt_embedded/files/01- imt sdk-20221124t220645z-001/01- imt sdk/imt_sdk_win_64/imt_sdk_win_64/winavr/bin/../lib/gcc/avr/4.3.3/../../../../avr/lib/avr5/crtm32.o
 .data          0x00800060      0x347 ./src/main.o
 .data          0x008003a7        0x0 ./inc/MCAL/ADC_PBCfg.o
 .data          0x008003a7        0x0 ./inc/MCAL/ADC_prog.o
 .data          0x008003a7        0x0 ./inc/MCAL/DIO_program.o
 .data          0x008003a7        0x0 ./inc/MCAL/Extint_prog.o
 .data          0x008003a7        0x0 ./inc/MCAL/GIE_prog.o
 .data          0x008003a7        0x0 ./inc/MCAL/GPT_PBCfg.o
 .data          0x008003a7        0x0 ./inc/MCAL/GPT_program.o
 .data          0x008003a7        0x0 ./inc/MCAL/I2C_Program.o
 .data          0x008003a7        0x0 ./inc/MCAL/PWM_prog.o
 .data          0x008003a7        0x0 ./inc/MCAL/UART_prog.o
 .data          0x008003a7        0x0 ./inc/HAL/EEPROM_Program.o
 .data          0x008003a7        0x0 ./inc/HAL/KEYBAD_prog.o
 .data          0x008003a7        0x0 ./inc/HAL/LCD_Prog.o
 .data          0x008003a7        0x0 ./inc/HAL/LED_prog.o
 .data          0x008003a7        0x0 ./inc/HAL/buzzer.o
 .data          0x008003a7        0x0 ./inc/HAL/servo.o
 .data          0x008003a7        0x0 d:/imt/imt_embedded/files/01- imt sdk-20221124t220645z-001/01- imt sdk/imt_sdk_win_64/imt_sdk_win_64/winavr/bin/../lib/gcc/avr/4.3.3/avr5\libgcc.a(_udivmodhi4.o)
 .data          0x008003a7        0x0 d:/imt/imt_embedded/files/01- imt sdk-20221124t220645z-001/01- imt sdk/imt_sdk_win_64/imt_sdk_win_64/winavr/bin/../lib/gcc/avr/4.3.3/avr5\libgcc.a(_divmodhi4.o)
 .data          0x008003a7        0x0 d:/imt/imt_embedded/files/01- imt sdk-20221124t220645z-001/01- imt sdk/imt_sdk_win_64/imt_sdk_win_64/winavr/bin/../lib/gcc/avr/4.3.3/avr5\libgcc.a(_exit.o)
 .data          0x008003a7        0x0 d:/imt/imt_embedded/files/01- imt sdk-20221124t220645z-001/01- imt sdk/imt_sdk_win_64/imt_sdk_win_64/winavr/bin/../lib/gcc/avr/4.3.3/avr5\libgcc.a(_copy_data.o)
 .data          0x008003a7        0x0 d:/imt/imt_embedded/files/01- imt sdk-20221124t220645z-001/01- imt sdk/imt_sdk_win_64/imt_sdk_win_64/winavr/bin/../lib/gcc/avr/4.3.3/avr5\libgcc.a(_clear_bss.o)
 .data          0x008003a7        0x0 d:/imt/imt_embedded/files/01- imt sdk-20221124t220645z-001/01- imt sdk/imt_sdk_win_64/imt_sdk_win_64/winavr/bin/../lib/gcc/avr/4.3.3/avr5\libgcc.a(_ashldi3.o)
 .data          0x008003a7        0x0 d:/imt/imt_embedded/files/01- imt sdk-20221124t220645z-001/01- imt sdk/imt_sdk_win_64/imt_sdk_win_64/winavr/bin/../lib/gcc/avr/4.3.3/avr5\libgcc.a(_fixunssfsi.o)
 .data          0x008003a7        0x0 d:/imt/imt_embedded/files/01- imt sdk-20221124t220645z-001/01- imt sdk/imt_sdk_win_64/imt_sdk_win_64/winavr/bin/../lib/gcc/avr/4.3.3/avr5\libgcc.a(_udivdi3.o)
 .data          0x008003a7        0x0 d:/imt/imt_embedded/files/01- imt sdk-20221124t220645z-001/01- imt sdk/imt_sdk_win_64/imt_sdk_win_64/winavr/bin/../lib/gcc/avr/4.3.3/avr5\libgcc.a(_umoddi3.o)
 .data          0x008003a7        0x0 d:/imt/imt_embedded/files/01- imt sdk-20221124t220645z-001/01- imt sdk/imt_sdk_win_64/imt_sdk_win_64/winavr/bin/../lib/gcc/avr/4.3.3/avr5\libgcc.a(_addsub_sf.o)
 .data          0x008003a7        0x0 d:/imt/imt_embedded/files/01- imt sdk-20221124t220645z-001/01- imt sdk/imt_sdk_win_64/imt_sdk_win_64/winavr/bin/../lib/gcc/avr/4.3.3/avr5\libgcc.a(_mul_sf.o)
 .data          0x008003a7        0x0 d:/imt/imt_embedded/files/01- imt sdk-20221124t220645z-001/01- imt sdk/imt_sdk_win_64/imt_sdk_win_64/winavr/bin/../lib/gcc/avr/4.3.3/avr5\libgcc.a(_gt_sf.o)
 .data          0x008003a7        0x0 d:/imt/imt_embedded/files/01- imt sdk-20221124t220645z-001/01- imt sdk/imt_sdk_win_64/imt_sdk_win_64/winavr/bin/../lib/gcc/avr/4.3.3/avr5\libgcc.a(_ge_sf.o)
 .data          0x008003a7        0x0 d:/imt/imt_embedded/files/01- imt sdk-20221124t220645z-001/01- imt sdk/imt_sdk_win_64/imt_sdk_win_64/winavr/bin/../lib/gcc/avr/4.3.3/avr5\libgcc.a(_lt_sf.o)
 .data          0x008003a7        0x0 d:/imt/imt_embedded/files/01- imt sdk-20221124t220645z-001/01- imt sdk/imt_sdk_win_64/imt_sdk_win_64/winavr/bin/../lib/gcc/avr/4.3.3/avr5\libgcc.a(_sf_to_si.o)
 .data          0x008003a7        0x8 d:/imt/imt_embedded/files/01- imt sdk-20221124t220645z-001/01- imt sdk/imt_sdk_win_64/imt_sdk_win_64/winavr/bin/../lib/gcc/avr/4.3.3/avr5\libgcc.a(_thenan_sf.o)
                0x008003a7                __thenan_sf
 .data          0x008003af        0x0 d:/imt/imt_embedded/files/01- imt sdk-20221124t220645z-001/01- imt sdk/imt_sdk_win_64/imt_sdk_win_64/winavr/bin/../lib/gcc/avr/4.3.3/avr5\libgcc.a(_usi_to_sf.o)
 .data          0x008003af        0x0 d:/imt/imt_embedded/files/01- imt sdk-20221124t220645z-001/01- imt sdk/imt_sdk_win_64/imt_sdk_win_64/winavr/bin/../lib/gcc/avr/4.3.3/avr5\libgcc.a(_mulsi3.o)
 .data          0x008003af        0x0 d:/imt/imt_embedded/files/01- imt sdk-20221124t220645z-001/01- imt sdk/imt_sdk_win_64/imt_sdk_win_64/winavr/bin/../lib/gcc/avr/4.3.3/avr5\libgcc.a(_udivmodsi4.o)
 .data          0x008003af        0x0 d:/imt/imt_embedded/files/01- imt sdk-20221124t220645z-001/01- imt sdk/imt_sdk_win_64/imt_sdk_win_64/winavr/bin/../lib/gcc/avr/4.3.3/avr5\libgcc.a(_prologue.o)
 .data          0x008003af        0x0 d:/imt/imt_embedded/files/01- imt sdk-20221124t220645z-001/01- imt sdk/imt_sdk_win_64/imt_sdk_win_64/winavr/bin/../lib/gcc/avr/4.3.3/avr5\libgcc.a(_epilogue.o)
 .data          0x008003af      0x100 d:/imt/imt_embedded/files/01- imt sdk-20221124t220645z-001/01- imt sdk/imt_sdk_win_64/imt_sdk_win_64/winavr/bin/../lib/gcc/avr/4.3.3/avr5\libgcc.a(_clz.o)
                0x008003af                __clz_tab
 .data          0x008004af        0x0 d:/imt/imt_embedded/files/01- imt sdk-20221124t220645z-001/01- imt sdk/imt_sdk_win_64/imt_sdk_win_64/winavr/bin/../lib/gcc/avr/4.3.3/avr5\libgcc.a(_clzsi2.o)
 .data          0x008004af        0x0 d:/imt/imt_embedded/files/01- imt sdk-20221124t220645z-001/01- imt sdk/imt_sdk_win_64/imt_sdk_win_64/winavr/bin/../lib/gcc/avr/4.3.3/avr5\libgcc.a(_pack_sf.o)
 .data          0x008004af        0x0 d:/imt/imt_embedded/files/01- imt sdk-20221124t220645z-001/01- imt sdk/imt_sdk_win_64/imt_sdk_win_64/winavr/bin/../lib/gcc/avr/4.3.3/avr5\libgcc.a(_unpack_sf.o)
 .data          0x008004af        0x0 d:/imt/imt_embedded/files/01- imt sdk-20221124t220645z-001/01- imt sdk/imt_sdk_win_64/imt_sdk_win_64/winavr/bin/../lib/gcc/avr/4.3.3/avr5\libgcc.a(_fpcmp_parts_sf.o)
 *(.data*)
 .data.tries    0x008004af        0x1 ./src/main.o
                0x008004af                tries
 .data.Adc_Configuration
                0x008004b0        0x3 ./inc/MCAL/ADC_PBCfg.o
                0x008004b0                Adc_Configuration
 .data.Gpt_Configuration
                0x008004b3        0x6 ./inc/MCAL/GPT_PBCfg.o
                0x008004b3                Gpt_Configuration
 *(.rodata)
 *(.rodata*)
 *(.gnu.linkonce.d*)
                0x008004ba                . = ALIGN (0x2)
 *fill*         0x008004b9        0x1 00
                0x008004ba                _edata = .
                0x008004ba                PROVIDE (__data_end, .)

.bss            0x008004ba       0x57
                0x008004ba                PROVIDE (__bss_start, .)
 *(.bss)
 .bss           0x008004ba        0x0 d:/imt/imt_embedded/files/01- imt sdk-20221124t220645z-001/01- imt sdk/imt_sdk_win_64/imt_sdk_win_64/winavr/bin/../lib/gcc/avr/4.3.3/../../../../avr/lib/avr5/crtm32.o
 .bss           0x008004ba        0x0 ./src/main.o
 .bss           0x008004ba        0x0 ./inc/MCAL/ADC_PBCfg.o
 .bss           0x008004ba        0x0 ./inc/MCAL/ADC_prog.o
 .bss           0x008004ba        0x0 ./inc/MCAL/DIO_program.o
 .bss           0x008004ba        0x0 ./inc/MCAL/Extint_prog.o
 .bss           0x008004ba        0x0 ./inc/MCAL/GIE_prog.o
 .bss           0x008004ba        0x0 ./inc/MCAL/GPT_PBCfg.o
 .bss           0x008004ba        0x0 ./inc/MCAL/GPT_program.o
 .bss           0x008004ba        0x0 ./inc/MCAL/I2C_Program.o
 .bss           0x008004ba        0x0 ./inc/MCAL/PWM_prog.o
 .bss           0x008004ba        0x0 ./inc/MCAL/UART_prog.o
 .bss           0x008004ba        0x0 ./inc/HAL/EEPROM_Program.o
 .bss           0x008004ba        0x0 ./inc/HAL/KEYBAD_prog.o
 .bss           0x008004ba        0x0 ./inc/HAL/LCD_Prog.o
 .bss           0x008004ba        0x0 ./inc/HAL/LED_prog.o
 .bss           0x008004ba        0x0 ./inc/HAL/buzzer.o
 .bss           0x008004ba        0x0 ./inc/HAL/servo.o
 .bss           0x008004ba        0x0 d:/imt/imt_embedded/files/01- imt sdk-20221124t220645z-001/01- imt sdk/imt_sdk_win_64/imt_sdk_win_64/winavr/bin/../lib/gcc/avr/4.3.3/avr5\libgcc.a(_udivmodhi4.o)
 .bss           0x008004ba        0x0 d:/imt/imt_embedded/files/01- imt sdk-20221124t220645z-001/01- imt sdk/imt_sdk_win_64/imt_sdk_win_64/winavr/bin/../lib/gcc/avr/4.3.3/avr5\libgcc.a(_divmodhi4.o)
 .bss           0x008004ba        0x0 d:/imt/imt_embedded/files/01- imt sdk-20221124t220645z-001/01- imt sdk/imt_sdk_win_64/imt_sdk_win_64/winavr/bin/../lib/gcc/avr/4.3.3/avr5\libgcc.a(_exit.o)
 .bss           0x008004ba        0x0 d:/imt/imt_embedded/files/01- imt sdk-20221124t220645z-001/01- imt sdk/imt_sdk_win_64/imt_sdk_win_64/winavr/bin/../lib/gcc/avr/4.3.3/avr5\libgcc.a(_copy_data.o)
 .bss           0x008004ba        0x0 d:/imt/imt_embedded/files/01- imt sdk-20221124t220645z-001/01- imt sdk/imt_sdk_win_64/imt_sdk_win_64/winavr/bin/../lib/gcc/avr/4.3.3/avr5\libgcc.a(_clear_bss.o)
 .bss           0x008004ba        0x0 d:/imt/imt_embedded/files/01- imt sdk-20221124t220645z-001/01- imt sdk/imt_sdk_win_64/imt_sdk_win_64/winavr/bin/../lib/gcc/avr/4.3.3/avr5\libgcc.a(_ashldi3.o)
 .bss           0x008004ba        0x0 d:/imt/imt_embedded/files/01- imt sdk-20221124t220645z-001/01- imt sdk/imt_sdk_win_64/imt_sdk_win_64/winavr/bin/../lib/gcc/avr/4.3.3/avr5\libgcc.a(_fixunssfsi.o)
 .bss           0x008004ba        0x0 d:/imt/imt_embedded/files/01- imt sdk-20221124t220645z-001/01- imt sdk/imt_sdk_win_64/imt_sdk_win_64/winavr/bin/../lib/gcc/avr/4.3.3/avr5\libgcc.a(_udivdi3.o)
 .bss           0x008004ba        0x0 d:/imt/imt_embedded/files/01- imt sdk-20221124t220645z-001/01- imt sdk/imt_sdk_win_64/imt_sdk_win_64/winavr/bin/../lib/gcc/avr/4.3.3/avr5\libgcc.a(_umoddi3.o)
 .bss           0x008004ba        0x0 d:/imt/imt_embedded/files/01- imt sdk-20221124t220645z-001/01- imt sdk/imt_sdk_win_64/imt_sdk_win_64/winavr/bin/../lib/gcc/avr/4.3.3/avr5\libgcc.a(_addsub_sf.o)
 .bss           0x008004ba        0x0 d:/imt/imt_embedded/files/01- imt sdk-20221124t220645z-001/01- imt sdk/imt_sdk_win_64/imt_sdk_win_64/winavr/bin/../lib/gcc/avr/4.3.3/avr5\libgcc.a(_mul_sf.o)
 .bss           0x008004ba        0x0 d:/imt/imt_embedded/files/01- imt sdk-20221124t220645z-001/01- imt sdk/imt_sdk_win_64/imt_sdk_win_64/winavr/bin/../lib/gcc/avr/4.3.3/avr5\libgcc.a(_gt_sf.o)
 .bss           0x008004ba        0x0 d:/imt/imt_embedded/files/01- imt sdk-20221124t220645z-001/01- imt sdk/imt_sdk_win_64/imt_sdk_win_64/winavr/bin/../lib/gcc/avr/4.3.3/avr5\libgcc.a(_ge_sf.o)
 .bss           0x008004ba        0x0 d:/imt/imt_embedded/files/01- imt sdk-20221124t220645z-001/01- imt sdk/imt_sdk_win_64/imt_sdk_win_64/winavr/bin/../lib/gcc/avr/4.3.3/avr5\libgcc.a(_lt_sf.o)
 .bss           0x008004ba        0x0 d:/imt/imt_embedded/files/01- imt sdk-20221124t220645z-001/01- imt sdk/imt_sdk_win_64/imt_sdk_win_64/winavr/bin/../lib/gcc/avr/4.3.3/avr5\libgcc.a(_sf_to_si.o)
 .bss           0x008004ba        0x0 d:/imt/imt_embedded/files/01- imt sdk-20221124t220645z-001/01- imt sdk/imt_sdk_win_64/imt_sdk_win_64/winavr/bin/../lib/gcc/avr/4.3.3/avr5\libgcc.a(_thenan_sf.o)
 .bss           0x008004ba        0x0 d:/imt/imt_embedded/files/01- imt sdk-20221124t220645z-001/01- imt sdk/imt_sdk_win_64/imt_sdk_win_64/winavr/bin/../lib/gcc/avr/4.3.3/avr5\libgcc.a(_usi_to_sf.o)
 .bss           0x008004ba        0x0 d:/imt/imt_embedded/files/01- imt sdk-20221124t220645z-001/01- imt sdk/imt_sdk_win_64/imt_sdk_win_64/winavr/bin/../lib/gcc/avr/4.3.3/avr5\libgcc.a(_mulsi3.o)
 .bss           0x008004ba        0x0 d:/imt/imt_embedded/files/01- imt sdk-20221124t220645z-001/01- imt sdk/imt_sdk_win_64/imt_sdk_win_64/winavr/bin/../lib/gcc/avr/4.3.3/avr5\libgcc.a(_udivmodsi4.o)
 .bss           0x008004ba        0x0 d:/imt/imt_embedded/files/01- imt sdk-20221124t220645z-001/01- imt sdk/imt_sdk_win_64/imt_sdk_win_64/winavr/bin/../lib/gcc/avr/4.3.3/avr5\libgcc.a(_prologue.o)
 .bss           0x008004ba        0x0 d:/imt/imt_embedded/files/01- imt sdk-20221124t220645z-001/01- imt sdk/imt_sdk_win_64/imt_sdk_win_64/winavr/bin/../lib/gcc/avr/4.3.3/avr5\libgcc.a(_epilogue.o)
 .bss           0x008004ba        0x0 d:/imt/imt_embedded/files/01- imt sdk-20221124t220645z-001/01- imt sdk/imt_sdk_win_64/imt_sdk_win_64/winavr/bin/../lib/gcc/avr/4.3.3/avr5\libgcc.a(_clz.o)
 .bss           0x008004ba        0x0 d:/imt/imt_embedded/files/01- imt sdk-20221124t220645z-001/01- imt sdk/imt_sdk_win_64/imt_sdk_win_64/winavr/bin/../lib/gcc/avr/4.3.3/avr5\libgcc.a(_clzsi2.o)
 .bss           0x008004ba        0x0 d:/imt/imt_embedded/files/01- imt sdk-20221124t220645z-001/01- imt sdk/imt_sdk_win_64/imt_sdk_win_64/winavr/bin/../lib/gcc/avr/4.3.3/avr5\libgcc.a(_pack_sf.o)
 .bss           0x008004ba        0x0 d:/imt/imt_embedded/files/01- imt sdk-20221124t220645z-001/01- imt sdk/imt_sdk_win_64/imt_sdk_win_64/winavr/bin/../lib/gcc/avr/4.3.3/avr5\libgcc.a(_unpack_sf.o)
 .bss           0x008004ba        0x0 d:/imt/imt_embedded/files/01- imt sdk-20221124t220645z-001/01- imt sdk/imt_sdk_win_64/imt_sdk_win_64/winavr/bin/../lib/gcc/avr/4.3.3/avr5\libgcc.a(_fpcmp_parts_sf.o)
 *(.bss*)
 .bss.Adc_Callback
                0x008004ba        0x2 ./inc/MCAL/ADC_prog.o
                0x008004ba                Adc_Callback
 .bss.Gpt_Callback_TIM0_COMP
                0x008004bc        0x2 ./inc/MCAL/GPT_program.o
                0x008004bc                Gpt_Callback_TIM0_COMP
 .bss.Gpt_Callback_TIM0_OVF
                0x008004be        0x2 ./inc/MCAL/GPT_program.o
                0x008004be                Gpt_Callback_TIM0_OVF
 .bss.Gpt_Callback_TIM1A_COMP
                0x008004c0        0x2 ./inc/MCAL/GPT_program.o
                0x008004c0                Gpt_Callback_TIM1A_COMP
 .bss.Gpt_Callback_TIM1B_COMP
                0x008004c2        0x2 ./inc/MCAL/GPT_program.o
                0x008004c2                Gpt_Callback_TIM1B_COMP
 .bss.Gpt_Callback_TIM1_OVF
                0x008004c4        0x2 ./inc/MCAL/GPT_program.o
                0x008004c4                Gpt_Callback_TIM1_OVF
 .bss.Gpt_Callback_TIM1_CAPT
                0x008004c6        0x2 ./inc/MCAL/GPT_program.o
                0x008004c6                Gpt_Callback_TIM1_CAPT
 .bss.Gpt_Callback_TIM2_OVF
                0x008004c8        0x2 ./inc/MCAL/GPT_program.o
                0x008004c8                Gpt_Callback_TIM2_OVF
 .bss.Gpt_Callback_TIM2_COMP
                0x008004ca        0x2 ./inc/MCAL/GPT_program.o
                0x008004ca                Gpt_Callback_TIM2_COMP
 .bss.Uart_Callback_EMTY
                0x008004cc        0x2 ./inc/MCAL/UART_prog.o
                0x008004cc                Uart_Callback_EMTY
 .bss.Uart_Callback_RX
                0x008004ce        0x2 ./inc/MCAL/UART_prog.o
                0x008004ce                Uart_Callback_RX
 .bss.Uart_Callback_TX
                0x008004d0        0x2 ./inc/MCAL/UART_prog.o
                0x008004d0                Uart_Callback_TX
 *(COMMON)
 COMMON         0x008004d2       0x3f ./src/main.o
                0x008004d2                op
                0x008004d3                U1
                0x008004d8                P1
                0x008004dc                address_PASS
                0x008004dd                U2
                0x008004e2                input
                0x008004e3                P2
                0x008004e7                Light_Control
                0x008004e8                U5
                0x008004ed                P4
                0x008004f1                CH_ID
                0x008004f6                index_user
                0x008004f7                U3
                0x008004fc                data
                0x008004fe                CH_PASS
                0x00800502                P3
                0x00800506                I
                0x00800507                address_ID
                0x00800508                U4
                0x0080050d                P5
                0x00800511                PROVIDE (__bss_end, .)
                0x00004d4c                __data_load_start = LOADADDR (.data)
                0x000051a6                __data_load_end = (__data_load_start + SIZEOF (.data))

.noinit         0x00800511        0x0
                0x00800511                PROVIDE (__noinit_start, .)
 *(.noinit*)
                0x00800511                PROVIDE (__noinit_end, .)
                0x00800511                _end = .
                0x00800511                PROVIDE (__heap_start, .)

.eeprom         0x00810000        0x0
 *(.eeprom*)
                0x00810000                __eeprom_end = .

.fuse
 *(.fuse)
 *(.lfuse)
 *(.hfuse)
 *(.efuse)

.lock
 *(.lock*)

.signature
 *(.signature*)

.stab
 *(.stab)

.stabstr
 *(.stabstr)

.stab.excl
 *(.stab.excl)

.stab.exclstr
 *(.stab.exclstr)

.stab.index
 *(.stab.index)

.stab.indexstr
 *(.stab.indexstr)

.comment
 *(.comment)

.debug
 *(.debug)

.line
 *(.line)

.debug_srcinfo
 *(.debug_srcinfo)

.debug_sfnames
 *(.debug_sfnames)

.debug_aranges  0x00000000      0x1e0
 *(.debug_aranges)
 .debug_aranges
                0x00000000       0x20 d:/imt/imt_embedded/files/01- imt sdk-20221124t220645z-001/01- imt sdk/imt_sdk_win_64/imt_sdk_win_64/winavr/bin/../lib/gcc/avr/4.3.3/avr5\libgcc.a(_ashldi3.o)
 .debug_aranges
                0x00000020       0x20 d:/imt/imt_embedded/files/01- imt sdk-20221124t220645z-001/01- imt sdk/imt_sdk_win_64/imt_sdk_win_64/winavr/bin/../lib/gcc/avr/4.3.3/avr5\libgcc.a(_fixunssfsi.o)
 .debug_aranges
                0x00000040       0x20 d:/imt/imt_embedded/files/01- imt sdk-20221124t220645z-001/01- imt sdk/imt_sdk_win_64/imt_sdk_win_64/winavr/bin/../lib/gcc/avr/4.3.3/avr5\libgcc.a(_udivdi3.o)
 .debug_aranges
                0x00000060       0x20 d:/imt/imt_embedded/files/01- imt sdk-20221124t220645z-001/01- imt sdk/imt_sdk_win_64/imt_sdk_win_64/winavr/bin/../lib/gcc/avr/4.3.3/avr5\libgcc.a(_umoddi3.o)
 .debug_aranges
                0x00000080       0x20 d:/imt/imt_embedded/files/01- imt sdk-20221124t220645z-001/01- imt sdk/imt_sdk_win_64/imt_sdk_win_64/winavr/bin/../lib/gcc/avr/4.3.3/avr5\libgcc.a(_addsub_sf.o)
 .debug_aranges
                0x000000a0       0x20 d:/imt/imt_embedded/files/01- imt sdk-20221124t220645z-001/01- imt sdk/imt_sdk_win_64/imt_sdk_win_64/winavr/bin/../lib/gcc/avr/4.3.3/avr5\libgcc.a(_mul_sf.o)
 .debug_aranges
                0x000000c0       0x20 d:/imt/imt_embedded/files/01- imt sdk-20221124t220645z-001/01- imt sdk/imt_sdk_win_64/imt_sdk_win_64/winavr/bin/../lib/gcc/avr/4.3.3/avr5\libgcc.a(_gt_sf.o)
 .debug_aranges
                0x000000e0       0x20 d:/imt/imt_embedded/files/01- imt sdk-20221124t220645z-001/01- imt sdk/imt_sdk_win_64/imt_sdk_win_64/winavr/bin/../lib/gcc/avr/4.3.3/avr5\libgcc.a(_ge_sf.o)
 .debug_aranges
                0x00000100       0x20 d:/imt/imt_embedded/files/01- imt sdk-20221124t220645z-001/01- imt sdk/imt_sdk_win_64/imt_sdk_win_64/winavr/bin/../lib/gcc/avr/4.3.3/avr5\libgcc.a(_lt_sf.o)
 .debug_aranges
                0x00000120       0x20 d:/imt/imt_embedded/files/01- imt sdk-20221124t220645z-001/01- imt sdk/imt_sdk_win_64/imt_sdk_win_64/winavr/bin/../lib/gcc/avr/4.3.3/avr5\libgcc.a(_sf_to_si.o)
 .debug_aranges
                0x00000140       0x20 d:/imt/imt_embedded/files/01- imt sdk-20221124t220645z-001/01- imt sdk/imt_sdk_win_64/imt_sdk_win_64/winavr/bin/../lib/gcc/avr/4.3.3/avr5\libgcc.a(_usi_to_sf.o)
 .debug_aranges
                0x00000160       0x20 d:/imt/imt_embedded/files/01- imt sdk-20221124t220645z-001/01- imt sdk/imt_sdk_win_64/imt_sdk_win_64/winavr/bin/../lib/gcc/avr/4.3.3/avr5\libgcc.a(_clzsi2.o)
 .debug_aranges
                0x00000180       0x20 d:/imt/imt_embedded/files/01- imt sdk-20221124t220645z-001/01- imt sdk/imt_sdk_win_64/imt_sdk_win_64/winavr/bin/../lib/gcc/avr/4.3.3/avr5\libgcc.a(_pack_sf.o)
 .debug_aranges
                0x000001a0       0x20 d:/imt/imt_embedded/files/01- imt sdk-20221124t220645z-001/01- imt sdk/imt_sdk_win_64/imt_sdk_win_64/winavr/bin/../lib/gcc/avr/4.3.3/avr5\libgcc.a(_unpack_sf.o)
 .debug_aranges
                0x000001c0       0x20 d:/imt/imt_embedded/files/01- imt sdk-20221124t220645z-001/01- imt sdk/imt_sdk_win_64/imt_sdk_win_64/winavr/bin/../lib/gcc/avr/4.3.3/avr5\libgcc.a(_fpcmp_parts_sf.o)

.debug_pubnames
                0x00000000      0x233
 *(.debug_pubnames)
 .debug_pubnames
                0x00000000       0x20 d:/imt/imt_embedded/files/01- imt sdk-20221124t220645z-001/01- imt sdk/imt_sdk_win_64/imt_sdk_win_64/winavr/bin/../lib/gcc/avr/4.3.3/avr5\libgcc.a(_ashldi3.o)
 .debug_pubnames
                0x00000020       0x23 d:/imt/imt_embedded/files/01- imt sdk-20221124t220645z-001/01- imt sdk/imt_sdk_win_64/imt_sdk_win_64/winavr/bin/../lib/gcc/avr/4.3.3/avr5\libgcc.a(_fixunssfsi.o)
 .debug_pubnames
                0x00000043       0x20 d:/imt/imt_embedded/files/01- imt sdk-20221124t220645z-001/01- imt sdk/imt_sdk_win_64/imt_sdk_win_64/winavr/bin/../lib/gcc/avr/4.3.3/avr5\libgcc.a(_udivdi3.o)
 .debug_pubnames
                0x00000063       0x20 d:/imt/imt_embedded/files/01- imt sdk-20221124t220645z-001/01- imt sdk/imt_sdk_win_64/imt_sdk_win_64/winavr/bin/../lib/gcc/avr/4.3.3/avr5\libgcc.a(_umoddi3.o)
 .debug_pubnames
                0x00000083       0x2c d:/imt/imt_embedded/files/01- imt sdk-20221124t220645z-001/01- imt sdk/imt_sdk_win_64/imt_sdk_win_64/winavr/bin/../lib/gcc/avr/4.3.3/avr5\libgcc.a(_addsub_sf.o)
 .debug_pubnames
                0x000000af       0x1f d:/imt/imt_embedded/files/01- imt sdk-20221124t220645z-001/01- imt sdk/imt_sdk_win_64/imt_sdk_win_64/winavr/bin/../lib/gcc/avr/4.3.3/avr5\libgcc.a(_mul_sf.o)
 .debug_pubnames
                0x000000ce       0x1e d:/imt/imt_embedded/files/01- imt sdk-20221124t220645z-001/01- imt sdk/imt_sdk_win_64/imt_sdk_win_64/winavr/bin/../lib/gcc/avr/4.3.3/avr5\libgcc.a(_gt_sf.o)
 .debug_pubnames
                0x000000ec       0x1e d:/imt/imt_embedded/files/01- imt sdk-20221124t220645z-001/01- imt sdk/imt_sdk_win_64/imt_sdk_win_64/winavr/bin/../lib/gcc/avr/4.3.3/avr5\libgcc.a(_ge_sf.o)
 .debug_pubnames
                0x0000010a       0x1e d:/imt/imt_embedded/files/01- imt sdk-20221124t220645z-001/01- imt sdk/imt_sdk_win_64/imt_sdk_win_64/winavr/bin/../lib/gcc/avr/4.3.3/avr5\libgcc.a(_lt_sf.o)
 .debug_pubnames
                0x00000128       0x20 d:/imt/imt_embedded/files/01- imt sdk-20221124t220645z-001/01- imt sdk/imt_sdk_win_64/imt_sdk_win_64/winavr/bin/../lib/gcc/avr/4.3.3/avr5\libgcc.a(_sf_to_si.o)
 .debug_pubnames
                0x00000148       0x22 d:/imt/imt_embedded/files/01- imt sdk-20221124t220645z-001/01- imt sdk/imt_sdk_win_64/imt_sdk_win_64/winavr/bin/../lib/gcc/avr/4.3.3/avr5\libgcc.a(_thenan_sf.o)
 .debug_pubnames
                0x0000016a       0x24 d:/imt/imt_embedded/files/01- imt sdk-20221124t220645z-001/01- imt sdk/imt_sdk_win_64/imt_sdk_win_64/winavr/bin/../lib/gcc/avr/4.3.3/avr5\libgcc.a(_usi_to_sf.o)
 .debug_pubnames
                0x0000018e       0x20 d:/imt/imt_embedded/files/01- imt sdk-20221124t220645z-001/01- imt sdk/imt_sdk_win_64/imt_sdk_win_64/winavr/bin/../lib/gcc/avr/4.3.3/avr5\libgcc.a(_clz.o)
 .debug_pubnames
                0x000001ae       0x1f d:/imt/imt_embedded/files/01- imt sdk-20221124t220645z-001/01- imt sdk/imt_sdk_win_64/imt_sdk_win_64/winavr/bin/../lib/gcc/avr/4.3.3/avr5\libgcc.a(_clzsi2.o)
 .debug_pubnames
                0x000001cd       0x1f d:/imt/imt_embedded/files/01- imt sdk-20221124t220645z-001/01- imt sdk/imt_sdk_win_64/imt_sdk_win_64/winavr/bin/../lib/gcc/avr/4.3.3/avr5\libgcc.a(_pack_sf.o)
 .debug_pubnames
                0x000001ec       0x21 d:/imt/imt_embedded/files/01- imt sdk-20221124t220645z-001/01- imt sdk/imt_sdk_win_64/imt_sdk_win_64/winavr/bin/../lib/gcc/avr/4.3.3/avr5\libgcc.a(_unpack_sf.o)
 .debug_pubnames
                0x0000020d       0x26 d:/imt/imt_embedded/files/01- imt sdk-20221124t220645z-001/01- imt sdk/imt_sdk_win_64/imt_sdk_win_64/winavr/bin/../lib/gcc/avr/4.3.3/avr5\libgcc.a(_fpcmp_parts_sf.o)

.debug_info     0x00000000     0x3003
 *(.debug_info)
 .debug_info    0x00000000      0x17f d:/imt/imt_embedded/files/01- imt sdk-20221124t220645z-001/01- imt sdk/imt_sdk_win_64/imt_sdk_win_64/winavr/bin/../lib/gcc/avr/4.3.3/avr5\libgcc.a(_ashldi3.o)
 .debug_info    0x0000017f       0xb1 d:/imt/imt_embedded/files/01- imt sdk-20221124t220645z-001/01- imt sdk/imt_sdk_win_64/imt_sdk_win_64/winavr/bin/../lib/gcc/avr/4.3.3/avr5\libgcc.a(_fixunssfsi.o)
 .debug_info    0x00000230      0x71e d:/imt/imt_embedded/files/01- imt sdk-20221124t220645z-001/01- imt sdk/imt_sdk_win_64/imt_sdk_win_64/winavr/bin/../lib/gcc/avr/4.3.3/avr5\libgcc.a(_udivdi3.o)
 .debug_info    0x0000094e      0x757 d:/imt/imt_embedded/files/01- imt sdk-20221124t220645z-001/01- imt sdk/imt_sdk_win_64/imt_sdk_win_64/winavr/bin/../lib/gcc/avr/4.3.3/avr5\libgcc.a(_umoddi3.o)
 .debug_info    0x000010a5      0x47a d:/imt/imt_embedded/files/01- imt sdk-20221124t220645z-001/01- imt sdk/imt_sdk_win_64/imt_sdk_win_64/winavr/bin/../lib/gcc/avr/4.3.3/avr5\libgcc.a(_addsub_sf.o)
 .debug_info    0x0000151f      0x485 d:/imt/imt_embedded/files/01- imt sdk-20221124t220645z-001/01- imt sdk/imt_sdk_win_64/imt_sdk_win_64/winavr/bin/../lib/gcc/avr/4.3.3/avr5\libgcc.a(_mul_sf.o)
 .debug_info    0x000019a4      0x27f d:/imt/imt_embedded/files/01- imt sdk-20221124t220645z-001/01- imt sdk/imt_sdk_win_64/imt_sdk_win_64/winavr/bin/../lib/gcc/avr/4.3.3/avr5\libgcc.a(_gt_sf.o)
 .debug_info    0x00001c23      0x27f d:/imt/imt_embedded/files/01- imt sdk-20221124t220645z-001/01- imt sdk/imt_sdk_win_64/imt_sdk_win_64/winavr/bin/../lib/gcc/avr/4.3.3/avr5\libgcc.a(_ge_sf.o)
 .debug_info    0x00001ea2      0x27f d:/imt/imt_embedded/files/01- imt sdk-20221124t220645z-001/01- imt sdk/imt_sdk_win_64/imt_sdk_win_64/winavr/bin/../lib/gcc/avr/4.3.3/avr5\libgcc.a(_lt_sf.o)
 .debug_info    0x00002121      0x2b0 d:/imt/imt_embedded/files/01- imt sdk-20221124t220645z-001/01- imt sdk/imt_sdk_win_64/imt_sdk_win_64/winavr/bin/../lib/gcc/avr/4.3.3/avr5\libgcc.a(_sf_to_si.o)
 .debug_info    0x000023d1      0x12c d:/imt/imt_embedded/files/01- imt sdk-20221124t220645z-001/01- imt sdk/imt_sdk_win_64/imt_sdk_win_64/winavr/bin/../lib/gcc/avr/4.3.3/avr5\libgcc.a(_thenan_sf.o)
 .debug_info    0x000024fd      0x206 d:/imt/imt_embedded/files/01- imt sdk-20221124t220645z-001/01- imt sdk/imt_sdk_win_64/imt_sdk_win_64/winavr/bin/../lib/gcc/avr/4.3.3/avr5\libgcc.a(_usi_to_sf.o)
 .debug_info    0x00002703       0xa9 d:/imt/imt_embedded/files/01- imt sdk-20221124t220645z-001/01- imt sdk/imt_sdk_win_64/imt_sdk_win_64/winavr/bin/../lib/gcc/avr/4.3.3/avr5\libgcc.a(_clz.o)
 .debug_info    0x000027ac      0x117 d:/imt/imt_embedded/files/01- imt sdk-20221124t220645z-001/01- imt sdk/imt_sdk_win_64/imt_sdk_win_64/winavr/bin/../lib/gcc/avr/4.3.3/avr5\libgcc.a(_clzsi2.o)
 .debug_info    0x000028c3      0x2df d:/imt/imt_embedded/files/01- imt sdk-20221124t220645z-001/01- imt sdk/imt_sdk_win_64/imt_sdk_win_64/winavr/bin/../lib/gcc/avr/4.3.3/avr5\libgcc.a(_pack_sf.o)
 .debug_info    0x00002ba2      0x251 d:/imt/imt_embedded/files/01- imt sdk-20221124t220645z-001/01- imt sdk/imt_sdk_win_64/imt_sdk_win_64/winavr/bin/../lib/gcc/avr/4.3.3/avr5\libgcc.a(_unpack_sf.o)
 .debug_info    0x00002df3      0x210 d:/imt/imt_embedded/files/01- imt sdk-20221124t220645z-001/01- imt sdk/imt_sdk_win_64/imt_sdk_win_64/winavr/bin/../lib/gcc/avr/4.3.3/avr5\libgcc.a(_fpcmp_parts_sf.o)
 *(.gnu.linkonce.wi.*)

.debug_abbrev   0x00000000     0x156f
 *(.debug_abbrev)
 .debug_abbrev  0x00000000       0xee d:/imt/imt_embedded/files/01- imt sdk-20221124t220645z-001/01- imt sdk/imt_sdk_win_64/imt_sdk_win_64/winavr/bin/../lib/gcc/avr/4.3.3/avr5\libgcc.a(_ashldi3.o)
 .debug_abbrev  0x000000ee       0x5d d:/imt/imt_embedded/files/01- imt sdk-20221124t220645z-001/01- imt sdk/imt_sdk_win_64/imt_sdk_win_64/winavr/bin/../lib/gcc/avr/4.3.3/avr5\libgcc.a(_fixunssfsi.o)
 .debug_abbrev  0x0000014b      0x181 d:/imt/imt_embedded/files/01- imt sdk-20221124t220645z-001/01- imt sdk/imt_sdk_win_64/imt_sdk_win_64/winavr/bin/../lib/gcc/avr/4.3.3/avr5\libgcc.a(_udivdi3.o)
 .debug_abbrev  0x000002cc      0x190 d:/imt/imt_embedded/files/01- imt sdk-20221124t220645z-001/01- imt sdk/imt_sdk_win_64/imt_sdk_win_64/winavr/bin/../lib/gcc/avr/4.3.3/avr5\libgcc.a(_umoddi3.o)
 .debug_abbrev  0x0000045c      0x1ea d:/imt/imt_embedded/files/01- imt sdk-20221124t220645z-001/01- imt sdk/imt_sdk_win_64/imt_sdk_win_64/winavr/bin/../lib/gcc/avr/4.3.3/avr5\libgcc.a(_addsub_sf.o)
 .debug_abbrev  0x00000646      0x21b d:/imt/imt_embedded/files/01- imt sdk-20221124t220645z-001/01- imt sdk/imt_sdk_win_64/imt_sdk_win_64/winavr/bin/../lib/gcc/avr/4.3.3/avr5\libgcc.a(_mul_sf.o)
 .debug_abbrev  0x00000861      0x15a d:/imt/imt_embedded/files/01- imt sdk-20221124t220645z-001/01- imt sdk/imt_sdk_win_64/imt_sdk_win_64/winavr/bin/../lib/gcc/avr/4.3.3/avr5\libgcc.a(_gt_sf.o)
 .debug_abbrev  0x000009bb      0x15a d:/imt/imt_embedded/files/01- imt sdk-20221124t220645z-001/01- imt sdk/imt_sdk_win_64/imt_sdk_win_64/winavr/bin/../lib/gcc/avr/4.3.3/avr5\libgcc.a(_ge_sf.o)
 .debug_abbrev  0x00000b15      0x15a d:/imt/imt_embedded/files/01- imt sdk-20221124t220645z-001/01- imt sdk/imt_sdk_win_64/imt_sdk_win_64/winavr/bin/../lib/gcc/avr/4.3.3/avr5\libgcc.a(_lt_sf.o)
 .debug_abbrev  0x00000c6f      0x17f d:/imt/imt_embedded/files/01- imt sdk-20221124t220645z-001/01- imt sdk/imt_sdk_win_64/imt_sdk_win_64/winavr/bin/../lib/gcc/avr/4.3.3/avr5\libgcc.a(_sf_to_si.o)
 .debug_abbrev  0x00000dee       0xad d:/imt/imt_embedded/files/01- imt sdk-20221124t220645z-001/01- imt sdk/imt_sdk_win_64/imt_sdk_win_64/winavr/bin/../lib/gcc/avr/4.3.3/avr5\libgcc.a(_thenan_sf.o)
 .debug_abbrev  0x00000e9b      0x157 d:/imt/imt_embedded/files/01- imt sdk-20221124t220645z-001/01- imt sdk/imt_sdk_win_64/imt_sdk_win_64/winavr/bin/../lib/gcc/avr/4.3.3/avr5\libgcc.a(_usi_to_sf.o)
 .debug_abbrev  0x00000ff2       0x6a d:/imt/imt_embedded/files/01- imt sdk-20221124t220645z-001/01- imt sdk/imt_sdk_win_64/imt_sdk_win_64/winavr/bin/../lib/gcc/avr/4.3.3/avr5\libgcc.a(_clz.o)
 .debug_abbrev  0x0000105c       0xc4 d:/imt/imt_embedded/files/01- imt sdk-20221124t220645z-001/01- imt sdk/imt_sdk_win_64/imt_sdk_win_64/winavr/bin/../lib/gcc/avr/4.3.3/avr5\libgcc.a(_clzsi2.o)
 .debug_abbrev  0x00001120      0x1c0 d:/imt/imt_embedded/files/01- imt sdk-20221124t220645z-001/01- imt sdk/imt_sdk_win_64/imt_sdk_win_64/winavr/bin/../lib/gcc/avr/4.3.3/avr5\libgcc.a(_pack_sf.o)
 .debug_abbrev  0x000012e0      0x154 d:/imt/imt_embedded/files/01- imt sdk-20221124t220645z-001/01- imt sdk/imt_sdk_win_64/imt_sdk_win_64/winavr/bin/../lib/gcc/avr/4.3.3/avr5\libgcc.a(_unpack_sf.o)
 .debug_abbrev  0x00001434      0x13b d:/imt/imt_embedded/files/01- imt sdk-20221124t220645z-001/01- imt sdk/imt_sdk_win_64/imt_sdk_win_64/winavr/bin/../lib/gcc/avr/4.3.3/avr5\libgcc.a(_fpcmp_parts_sf.o)

.debug_line     0x00000000     0x14e0
 *(.debug_line)
 .debug_line    0x00000000       0xd7 d:/imt/imt_embedded/files/01- imt sdk-20221124t220645z-001/01- imt sdk/imt_sdk_win_64/imt_sdk_win_64/winavr/bin/../lib/gcc/avr/4.3.3/avr5\libgcc.a(_ashldi3.o)
 .debug_line    0x000000d7       0xa7 d:/imt/imt_embedded/files/01- imt sdk-20221124t220645z-001/01- imt sdk/imt_sdk_win_64/imt_sdk_win_64/winavr/bin/../lib/gcc/avr/4.3.3/avr5\libgcc.a(_fixunssfsi.o)
 .debug_line    0x0000017e      0x1d8 d:/imt/imt_embedded/files/01- imt sdk-20221124t220645z-001/01- imt sdk/imt_sdk_win_64/imt_sdk_win_64/winavr/bin/../lib/gcc/avr/4.3.3/avr5\libgcc.a(_udivdi3.o)
 .debug_line    0x00000356      0x230 d:/imt/imt_embedded/files/01- imt sdk-20221124t220645z-001/01- imt sdk/imt_sdk_win_64/imt_sdk_win_64/winavr/bin/../lib/gcc/avr/4.3.3/avr5\libgcc.a(_umoddi3.o)
 .debug_line    0x00000586      0x2af d:/imt/imt_embedded/files/01- imt sdk-20221124t220645z-001/01- imt sdk/imt_sdk_win_64/imt_sdk_win_64/winavr/bin/../lib/gcc/avr/4.3.3/avr5\libgcc.a(_addsub_sf.o)
 .debug_line    0x00000835      0x239 d:/imt/imt_embedded/files/01- imt sdk-20221124t220645z-001/01- imt sdk/imt_sdk_win_64/imt_sdk_win_64/winavr/bin/../lib/gcc/avr/4.3.3/avr5\libgcc.a(_mul_sf.o)
 .debug_line    0x00000a6e       0xd3 d:/imt/imt_embedded/files/01- imt sdk-20221124t220645z-001/01- imt sdk/imt_sdk_win_64/imt_sdk_win_64/winavr/bin/../lib/gcc/avr/4.3.3/avr5\libgcc.a(_gt_sf.o)
 .debug_line    0x00000b41       0xd3 d:/imt/imt_embedded/files/01- imt sdk-20221124t220645z-001/01- imt sdk/imt_sdk_win_64/imt_sdk_win_64/winavr/bin/../lib/gcc/avr/4.3.3/avr5\libgcc.a(_ge_sf.o)
 .debug_line    0x00000c14       0xd3 d:/imt/imt_embedded/files/01- imt sdk-20221124t220645z-001/01- imt sdk/imt_sdk_win_64/imt_sdk_win_64/winavr/bin/../lib/gcc/avr/4.3.3/avr5\libgcc.a(_lt_sf.o)
 .debug_line    0x00000ce7      0x109 d:/imt/imt_embedded/files/01- imt sdk-20221124t220645z-001/01- imt sdk/imt_sdk_win_64/imt_sdk_win_64/winavr/bin/../lib/gcc/avr/4.3.3/avr5\libgcc.a(_sf_to_si.o)
 .debug_line    0x00000df0       0x90 d:/imt/imt_embedded/files/01- imt sdk-20221124t220645z-001/01- imt sdk/imt_sdk_win_64/imt_sdk_win_64/winavr/bin/../lib/gcc/avr/4.3.3/avr5\libgcc.a(_thenan_sf.o)
 .debug_line    0x00000e80      0x133 d:/imt/imt_embedded/files/01- imt sdk-20221124t220645z-001/01- imt sdk/imt_sdk_win_64/imt_sdk_win_64/winavr/bin/../lib/gcc/avr/4.3.3/avr5\libgcc.a(_usi_to_sf.o)
 .debug_line    0x00000fb3       0x7c d:/imt/imt_embedded/files/01- imt sdk-20221124t220645z-001/01- imt sdk/imt_sdk_win_64/imt_sdk_win_64/winavr/bin/../lib/gcc/avr/4.3.3/avr5\libgcc.a(_clz.o)
 .debug_line    0x0000102f       0xa5 d:/imt/imt_embedded/files/01- imt sdk-20221124t220645z-001/01- imt sdk/imt_sdk_win_64/imt_sdk_win_64/winavr/bin/../lib/gcc/avr/4.3.3/avr5\libgcc.a(_clzsi2.o)
 .debug_line    0x000010d4      0x18a d:/imt/imt_embedded/files/01- imt sdk-20221124t220645z-001/01- imt sdk/imt_sdk_win_64/imt_sdk_win_64/winavr/bin/../lib/gcc/avr/4.3.3/avr5\libgcc.a(_pack_sf.o)
 .debug_line    0x0000125e      0x14b d:/imt/imt_embedded/files/01- imt sdk-20221124t220645z-001/01- imt sdk/imt_sdk_win_64/imt_sdk_win_64/winavr/bin/../lib/gcc/avr/4.3.3/avr5\libgcc.a(_unpack_sf.o)
 .debug_line    0x000013a9      0x137 d:/imt/imt_embedded/files/01- imt sdk-20221124t220645z-001/01- imt sdk/imt_sdk_win_64/imt_sdk_win_64/winavr/bin/../lib/gcc/avr/4.3.3/avr5\libgcc.a(_fpcmp_parts_sf.o)

.debug_frame    0x00000000      0x200
 *(.debug_frame)
 .debug_frame   0x00000000       0x20 d:/imt/imt_embedded/files/01- imt sdk-20221124t220645z-001/01- imt sdk/imt_sdk_win_64/imt_sdk_win_64/winavr/bin/../lib/gcc/avr/4.3.3/avr5\libgcc.a(_ashldi3.o)
 .debug_frame   0x00000020       0x20 d:/imt/imt_embedded/files/01- imt sdk-20221124t220645z-001/01- imt sdk/imt_sdk_win_64/imt_sdk_win_64/winavr/bin/../lib/gcc/avr/4.3.3/avr5\libgcc.a(_fixunssfsi.o)
 .debug_frame   0x00000040       0x20 d:/imt/imt_embedded/files/01- imt sdk-20221124t220645z-001/01- imt sdk/imt_sdk_win_64/imt_sdk_win_64/winavr/bin/../lib/gcc/avr/4.3.3/avr5\libgcc.a(_udivdi3.o)
 .debug_frame   0x00000060       0x20 d:/imt/imt_embedded/files/01- imt sdk-20221124t220645z-001/01- imt sdk/imt_sdk_win_64/imt_sdk_win_64/winavr/bin/../lib/gcc/avr/4.3.3/avr5\libgcc.a(_umoddi3.o)
 .debug_frame   0x00000080       0x40 d:/imt/imt_embedded/files/01- imt sdk-20221124t220645z-001/01- imt sdk/imt_sdk_win_64/imt_sdk_win_64/winavr/bin/../lib/gcc/avr/4.3.3/avr5\libgcc.a(_addsub_sf.o)
 .debug_frame   0x000000c0       0x20 d:/imt/imt_embedded/files/01- imt sdk-20221124t220645z-001/01- imt sdk/imt_sdk_win_64/imt_sdk_win_64/winavr/bin/../lib/gcc/avr/4.3.3/avr5\libgcc.a(_mul_sf.o)
 .debug_frame   0x000000e0       0x20 d:/imt/imt_embedded/files/01- imt sdk-20221124t220645z-001/01- imt sdk/imt_sdk_win_64/imt_sdk_win_64/winavr/bin/../lib/gcc/avr/4.3.3/avr5\libgcc.a(_gt_sf.o)
 .debug_frame   0x00000100       0x20 d:/imt/imt_embedded/files/01- imt sdk-20221124t220645z-001/01- imt sdk/imt_sdk_win_64/imt_sdk_win_64/winavr/bin/../lib/gcc/avr/4.3.3/avr5\libgcc.a(_ge_sf.o)
 .debug_frame   0x00000120       0x20 d:/imt/imt_embedded/files/01- imt sdk-20221124t220645z-001/01- imt sdk/imt_sdk_win_64/imt_sdk_win_64/winavr/bin/../lib/gcc/avr/4.3.3/avr5\libgcc.a(_lt_sf.o)
 .debug_frame   0x00000140       0x20 d:/imt/imt_embedded/files/01- imt sdk-20221124t220645z-001/01- imt sdk/imt_sdk_win_64/imt_sdk_win_64/winavr/bin/../lib/gcc/avr/4.3.3/avr5\libgcc.a(_sf_to_si.o)
 .debug_frame   0x00000160       0x20 d:/imt/imt_embedded/files/01- imt sdk-20221124t220645z-001/01- imt sdk/imt_sdk_win_64/imt_sdk_win_64/winavr/bin/../lib/gcc/avr/4.3.3/avr5\libgcc.a(_usi_to_sf.o)
 .debug_frame   0x00000180       0x20 d:/imt/imt_embedded/files/01- imt sdk-20221124t220645z-001/01- imt sdk/imt_sdk_win_64/imt_sdk_win_64/winavr/bin/../lib/gcc/avr/4.3.3/avr5\libgcc.a(_clzsi2.o)
 .debug_frame   0x000001a0       0x20 d:/imt/imt_embedded/files/01- imt sdk-20221124t220645z-001/01- imt sdk/imt_sdk_win_64/imt_sdk_win_64/winavr/bin/../lib/gcc/avr/4.3.3/avr5\libgcc.a(_pack_sf.o)
 .debug_frame   0x000001c0       0x20 d:/imt/imt_embedded/files/01- imt sdk-20221124t220645z-001/01- imt sdk/imt_sdk_win_64/imt_sdk_win_64/winavr/bin/../lib/gcc/avr/4.3.3/avr5\libgcc.a(_unpack_sf.o)
 .debug_frame   0x000001e0       0x20 d:/imt/imt_embedded/files/01- imt sdk-20221124t220645z-001/01- imt sdk/imt_sdk_win_64/imt_sdk_win_64/winavr/bin/../lib/gcc/avr/4.3.3/avr5\libgcc.a(_fpcmp_parts_sf.o)

.debug_str      0x00000000      0x364
 *(.debug_str)
 .debug_str     0x00000000       0xdf d:/imt/imt_embedded/files/01- imt sdk-20221124t220645z-001/01- imt sdk/imt_sdk_win_64/imt_sdk_win_64/winavr/bin/../lib/gcc/avr/4.3.3/avr5\libgcc.a(_ashldi3.o)
                                0x131 (size before relaxing)
 .debug_str     0x000000df       0x14 d:/imt/imt_embedded/files/01- imt sdk-20221124t220645z-001/01- imt sdk/imt_sdk_win_64/imt_sdk_win_64/winavr/bin/../lib/gcc/avr/4.3.3/avr5\libgcc.a(_fixunssfsi.o)
                                 0xfe (size before relaxing)
 .debug_str     0x000000f3       0x7c d:/imt/imt_embedded/files/01- imt sdk-20221124t220645z-001/01- imt sdk/imt_sdk_win_64/imt_sdk_win_64/winavr/bin/../lib/gcc/avr/4.3.3/avr5\libgcc.a(_udivdi3.o)
                                0x18a (size before relaxing)
 .debug_str     0x0000016f        0xa d:/imt/imt_embedded/files/01- imt sdk-20221124t220645z-001/01- imt sdk/imt_sdk_win_64/imt_sdk_win_64/winavr/bin/../lib/gcc/avr/4.3.3/avr5\libgcc.a(_umoddi3.o)
                                0x18a (size before relaxing)
 .debug_str     0x00000179      0x14d d:/imt/imt_embedded/files/01- imt sdk-20221124t220645z-001/01- imt sdk/imt_sdk_win_64/imt_sdk_win_64/winavr/bin/../lib/gcc/avr/4.3.3/avr5\libgcc.a(_addsub_sf.o)
                                0x206 (size before relaxing)
 .debug_str     0x000002c6       0x27 d:/imt/imt_embedded/files/01- imt sdk-20221124t220645z-001/01- imt sdk/imt_sdk_win_64/imt_sdk_win_64/winavr/bin/../lib/gcc/avr/4.3.3/avr5\libgcc.a(_mul_sf.o)
                                0x1bf (size before relaxing)
 .debug_str     0x000002ed        0x8 d:/imt/imt_embedded/files/01- imt sdk-20221124t220645z-001/01- imt sdk/imt_sdk_win_64/imt_sdk_win_64/winavr/bin/../lib/gcc/avr/4.3.3/avr5\libgcc.a(_gt_sf.o)
                                0x195 (size before relaxing)
 .debug_str     0x000002f5        0x8 d:/imt/imt_embedded/files/01- imt sdk-20221124t220645z-001/01- imt sdk/imt_sdk_win_64/imt_sdk_win_64/winavr/bin/../lib/gcc/avr/4.3.3/avr5\libgcc.a(_ge_sf.o)
                                0x195 (size before relaxing)
 .debug_str     0x000002fd        0x8 d:/imt/imt_embedded/files/01- imt sdk-20221124t220645z-001/01- imt sdk/imt_sdk_win_64/imt_sdk_win_64/winavr/bin/../lib/gcc/avr/4.3.3/avr5\libgcc.a(_lt_sf.o)
                                0x195 (size before relaxing)
 .debug_str     0x00000305        0xa d:/imt/imt_embedded/files/01- imt sdk-20221124t220645z-001/01- imt sdk/imt_sdk_win_64/imt_sdk_win_64/winavr/bin/../lib/gcc/avr/4.3.3/avr5\libgcc.a(_sf_to_si.o)
                                0x19e (size before relaxing)
 .debug_str     0x00000000      0x103 d:/imt/imt_embedded/files/01- imt sdk-20221124t220645z-001/01- imt sdk/imt_sdk_win_64/imt_sdk_win_64/winavr/bin/../lib/gcc/avr/4.3.3/avr5\libgcc.a(_thenan_sf.o)
 .debug_str     0x0000030f       0x21 d:/imt/imt_embedded/files/01- imt sdk-20221124t220645z-001/01- imt sdk/imt_sdk_win_64/imt_sdk_win_64/winavr/bin/../lib/gcc/avr/4.3.3/avr5\libgcc.a(_usi_to_sf.o)
                                0x177 (size before relaxing)
 .debug_str     0x00000000       0xf4 d:/imt/imt_embedded/files/01- imt sdk-20221124t220645z-001/01- imt sdk/imt_sdk_win_64/imt_sdk_win_64/winavr/bin/../lib/gcc/avr/4.3.3/avr5\libgcc.a(_clz.o)
 .debug_str     0x00000330        0x9 d:/imt/imt_embedded/files/01- imt sdk-20221124t220645z-001/01- imt sdk/imt_sdk_win_64/imt_sdk_win_64/winavr/bin/../lib/gcc/avr/4.3.3/avr5\libgcc.a(_clzsi2.o)
                                0x111 (size before relaxing)
 .debug_str     0x00000339       0x10 d:/imt/imt_embedded/files/01- imt sdk-20221124t220645z-001/01- imt sdk/imt_sdk_win_64/imt_sdk_win_64/winavr/bin/../lib/gcc/avr/4.3.3/avr5\libgcc.a(_pack_sf.o)
                                0x19d (size before relaxing)
 .debug_str     0x00000349        0xb d:/imt/imt_embedded/files/01- imt sdk-20221124t220645z-001/01- imt sdk/imt_sdk_win_64/imt_sdk_win_64/winavr/bin/../lib/gcc/avr/4.3.3/avr5\libgcc.a(_unpack_sf.o)
                                0x17f (size before relaxing)
 .debug_str     0x00000354       0x10 d:/imt/imt_embedded/files/01- imt sdk-20221124t220645z-001/01- imt sdk/imt_sdk_win_64/imt_sdk_win_64/winavr/bin/../lib/gcc/avr/4.3.3/avr5\libgcc.a(_fpcmp_parts_sf.o)
                                0x163 (size before relaxing)

.debug_loc      0x00000000     0x22cc
 *(.debug_loc)
 .debug_loc     0x00000000       0xf8 d:/imt/imt_embedded/files/01- imt sdk-20221124t220645z-001/01- imt sdk/imt_sdk_win_64/imt_sdk_win_64/winavr/bin/../lib/gcc/avr/4.3.3/avr5\libgcc.a(_ashldi3.o)
 .debug_loc     0x000000f8       0x34 d:/imt/imt_embedded/files/01- imt sdk-20221124t220645z-001/01- imt sdk/imt_sdk_win_64/imt_sdk_win_64/winavr/bin/../lib/gcc/avr/4.3.3/avr5\libgcc.a(_fixunssfsi.o)
 .debug_loc     0x0000012c      0xe74 d:/imt/imt_embedded/files/01- imt sdk-20221124t220645z-001/01- imt sdk/imt_sdk_win_64/imt_sdk_win_64/winavr/bin/../lib/gcc/avr/4.3.3/avr5\libgcc.a(_udivdi3.o)
 .debug_loc     0x00000fa0      0xab2 d:/imt/imt_embedded/files/01- imt sdk-20221124t220645z-001/01- imt sdk/imt_sdk_win_64/imt_sdk_win_64/winavr/bin/../lib/gcc/avr/4.3.3/avr5\libgcc.a(_umoddi3.o)
 .debug_loc     0x00001a52      0x32a d:/imt/imt_embedded/files/01- imt sdk-20221124t220645z-001/01- imt sdk/imt_sdk_win_64/imt_sdk_win_64/winavr/bin/../lib/gcc/avr/4.3.3/avr5\libgcc.a(_addsub_sf.o)
 .debug_loc     0x00001d7c      0x104 d:/imt/imt_embedded/files/01- imt sdk-20221124t220645z-001/01- imt sdk/imt_sdk_win_64/imt_sdk_win_64/winavr/bin/../lib/gcc/avr/4.3.3/avr5\libgcc.a(_mul_sf.o)
 .debug_loc     0x00001e80       0x3c d:/imt/imt_embedded/files/01- imt sdk-20221124t220645z-001/01- imt sdk/imt_sdk_win_64/imt_sdk_win_64/winavr/bin/../lib/gcc/avr/4.3.3/avr5\libgcc.a(_gt_sf.o)
 .debug_loc     0x00001ebc       0x3c d:/imt/imt_embedded/files/01- imt sdk-20221124t220645z-001/01- imt sdk/imt_sdk_win_64/imt_sdk_win_64/winavr/bin/../lib/gcc/avr/4.3.3/avr5\libgcc.a(_ge_sf.o)
 .debug_loc     0x00001ef8       0x3c d:/imt/imt_embedded/files/01- imt sdk-20221124t220645z-001/01- imt sdk/imt_sdk_win_64/imt_sdk_win_64/winavr/bin/../lib/gcc/avr/4.3.3/avr5\libgcc.a(_lt_sf.o)
 .debug_loc     0x00001f34       0x7e d:/imt/imt_embedded/files/01- imt sdk-20221124t220645z-001/01- imt sdk/imt_sdk_win_64/imt_sdk_win_64/winavr/bin/../lib/gcc/avr/4.3.3/avr5\libgcc.a(_sf_to_si.o)
 .debug_loc     0x00001fb2       0x4c d:/imt/imt_embedded/files/01- imt sdk-20221124t220645z-001/01- imt sdk/imt_sdk_win_64/imt_sdk_win_64/winavr/bin/../lib/gcc/avr/4.3.3/avr5\libgcc.a(_usi_to_sf.o)
 .debug_loc     0x00001ffe       0x94 d:/imt/imt_embedded/files/01- imt sdk-20221124t220645z-001/01- imt sdk/imt_sdk_win_64/imt_sdk_win_64/winavr/bin/../lib/gcc/avr/4.3.3/avr5\libgcc.a(_clzsi2.o)
 .debug_loc     0x00002092      0x13e d:/imt/imt_embedded/files/01- imt sdk-20221124t220645z-001/01- imt sdk/imt_sdk_win_64/imt_sdk_win_64/winavr/bin/../lib/gcc/avr/4.3.3/avr5\libgcc.a(_pack_sf.o)
 .debug_loc     0x000021d0       0xac d:/imt/imt_embedded/files/01- imt sdk-20221124t220645z-001/01- imt sdk/imt_sdk_win_64/imt_sdk_win_64/winavr/bin/../lib/gcc/avr/4.3.3/avr5\libgcc.a(_unpack_sf.o)
 .debug_loc     0x0000227c       0x50 d:/imt/imt_embedded/files/01- imt sdk-20221124t220645z-001/01- imt sdk/imt_sdk_win_64/imt_sdk_win_64/winavr/bin/../lib/gcc/avr/4.3.3/avr5\libgcc.a(_fpcmp_parts_sf.o)

.debug_macinfo
 *(.debug_macinfo)
OUTPUT(SmartHome.elf elf32-avr)
LOAD linker stubs

.debug_ranges   0x00000000       0x80
 .debug_ranges  0x00000000       0x18 d:/imt/imt_embedded/files/01- imt sdk-20221124t220645z-001/01- imt sdk/imt_sdk_win_64/imt_sdk_win_64/winavr/bin/../lib/gcc/avr/4.3.3/avr5\libgcc.a(_udivdi3.o)
 .debug_ranges  0x00000018       0x18 d:/imt/imt_embedded/files/01- imt sdk-20221124t220645z-001/01- imt sdk/imt_sdk_win_64/imt_sdk_win_64/winavr/bin/../lib/gcc/avr/4.3.3/avr5\libgcc.a(_umoddi3.o)
 .debug_ranges  0x00000030       0x50 d:/imt/imt_embedded/files/01- imt sdk-20221124t220645z-001/01- imt sdk/imt_sdk_win_64/imt_sdk_win_64/winavr/bin/../lib/gcc/avr/4.3.3/avr5\libgcc.a(_mul_sf.o)
